ERROR: valid [SEQ_FEAT.NoProtRefFound] No full length Prot-ref feature applied to this Bioseq BIOSEQ: gnl|NCBIFILE|rbcL_Het.sqn/accJF701686_1: raw, aa len= 427
ERROR: valid [SEQ_FEAT.NoProtRefFound] No full length Prot-ref feature applied to this Bioseq BIOSEQ: gnl|NCBIFILE|rbcL_Het.sqn/accEF116872_1: raw, aa len= 427
ERROR: valid [SEQ_FEAT.NoProtRefFound] No full length Prot-ref feature applied to this Bioseq BIOSEQ: gnl|NCBIFILE|rbcL_Het.sqn/accEF116877_1: raw, aa len= 427
ERROR: valid [SEQ_FEAT.NoProtRefFound] No full length Prot-ref feature applied to this Bioseq BIOSEQ: gnl|NCBIFILE|rbcL_Het.sqn/accDQ393128_1: raw, aa len= 427
ERROR: valid [SEQ_FEAT.NoProtRefFound] No full length Prot-ref feature applied to this Bioseq BIOSEQ: gnl|NCBIFILE|rbcL_Het.sqn/AL_1: raw, aa len= 427
ERROR: valid [SEQ_FEAT.NoProtRefFound] No full length Prot-ref feature applied to this Bioseq BIOSEQ: gnl|NCBIFILE|rbcL_Het.sqn/accGU457345_1: raw, aa len= 427
ERROR: valid [SEQ_FEAT.NoProtRefFound] No full length Prot-ref feature applied to this Bioseq BIOSEQ: gnl|NCBIFILE|rbcL_Het.sqn/accGU457344_1: raw, aa len= 427
ERROR: valid [SEQ_FEAT.NoProtRefFound] No full length Prot-ref feature applied to this Bioseq BIOSEQ: gnl|NCBIFILE|rbcL_Het.sqn/accGU457350_1: raw, aa len= 427
ERROR: valid [SEQ_FEAT.NoProtRefFound] No full length Prot-ref feature applied to this Bioseq BIOSEQ: gnl|NCBIFILE|rbcL_Het.sqn/accGU457349_1: raw, aa len= 427
ERROR: valid [SEQ_FEAT.NoProtRefFound] No full length Prot-ref feature applied to this Bioseq BIOSEQ: gnl|NCBIFILE|rbcL_Het.sqn/accGU457348_1: raw, aa len= 427
ERROR: valid [SEQ_FEAT.NoProtRefFound] No full length Prot-ref feature applied to this Bioseq BIOSEQ: gnl|NCBIFILE|rbcL_Het.sqn/accDQ141320_1: raw, aa len= 427
ERROR: valid [SEQ_FEAT.NoProtRefFound] No full length Prot-ref feature applied to this Bioseq BIOSEQ: gnl|NCBIFILE|rbcL_Het.sqn/accDQ393131_1: raw, aa len= 427
ERROR: valid [SEQ_FEAT.NoProtRefFound] No full length Prot-ref feature applied to this Bioseq BIOSEQ: gnl|NCBIFILE|rbcL_Het.sqn/IT_1: raw, aa len= 427
ERROR: valid [SEQ_FEAT.NoProtRefFound] No full length Prot-ref feature applied to this Bioseq BIOSEQ: gnl|NCBIFILE|rbcL_Het.sqn/FR-R1_1: raw, aa len= 426
ERROR: valid [SEQ_FEAT.NoProtRefFound] No full length Prot-ref feature applied to this Bioseq BIOSEQ: gnl|NCBIFILE|rbcL_Het.sqn/FR-D11_1: raw, aa len= 427
ERROR: valid [SEQ_FEAT.NoProtRefFound] No full length Prot-ref feature applied to this Bioseq BIOSEQ: gnl|NCBIFILE|rbcL_Het.sqn/FR-D15_1: raw, aa len= 427
ERROR: valid [SEQ_FEAT.NoProtRefFound] No full length Prot-ref feature applied to this Bioseq BIOSEQ: gnl|NCBIFILE|rbcL_Het.sqn/FR-V3_1: raw, aa len= 427
ERROR: valid [SEQ_FEAT.NoProtRefFound] No full length Prot-ref feature applied to this Bioseq BIOSEQ: gnl|NCBIFILE|rbcL_Het.sqn/acc393129_1: raw, aa len= 427
ERROR: valid [SEQ_FEAT.NoProtRefFound] No full length Prot-ref feature applied to this Bioseq BIOSEQ: gnl|NCBIFILE|rbcL_Het.sqn/acc393130_1: raw, aa len= 427
ERROR: valid [SEQ_FEAT.NoProtRefFound] No full length Prot-ref feature applied to this Bioseq BIOSEQ: gnl|NCBIFILE|rbcL_Het.sqn/VA-E2_1: raw, aa len= 427
ERROR: valid [SEQ_FEAT.NoProtRefFound] No full length Prot-ref feature applied to this Bioseq BIOSEQ: gnl|NCBIFILE|rbcL_Het.sqn/VA-E12_1: raw, aa len= 427
ERROR: valid [SEQ_FEAT.NoProtRefFound] No full length Prot-ref feature applied to this Bioseq BIOSEQ: gnl|NCBIFILE|rbcL_Het.sqn/accGU457343_1: raw, aa len= 427
ERROR: valid [SEQ_FEAT.NoProtRefFound] No full length Prot-ref feature applied to this Bioseq BIOSEQ: gnl|NCBIFILE|rbcL_Het.sqn/VA-H_1: raw, aa len= 427
ERROR: valid [SEQ_FEAT.NoProtRefFound] No full length Prot-ref feature applied to this Bioseq BIOSEQ: gnl|NCBIFILE|rbcL_Het.sqn/TN-H_1: raw, aa len= 427
ERROR: valid [SEQ_FEAT.NoProtRefFound] No full length Prot-ref feature applied to this Bioseq BIOSEQ: gnl|NCBIFILE|rbcL_Het.sqn/OH-LT10_1: raw, aa len= 427
ERROR: valid [SEQ_FEAT.NoProtRefFound] No full length Prot-ref feature applied to this Bioseq BIOSEQ: gnl|NCBIFILE|rbcL_Het.sqn/OH-LT8_1: raw, aa len= 427
ERROR: valid [SEQ_FEAT.NoProtRefFound] No full length Prot-ref feature applied to this Bioseq BIOSEQ: gnl|NCBIFILE|rbcL_Het.sqn/MI_1: raw, aa len= 427
ERROR: valid [SEQ_FEAT.NoProtRefFound] No full length Prot-ref feature applied to this Bioseq BIOSEQ: gnl|NCBIFILE|rbcL_Het.sqn/MN_1: raw, aa len= 427
ERROR: valid [SEQ_FEAT.NoProtRefFound] No full length Prot-ref feature applied to this Bioseq BIOSEQ: gnl|NCBIFILE|rbcL_Het.sqn/NC-9_1: raw, aa len= 427
ERROR: valid [SEQ_FEAT.NoProtRefFound] No full length Prot-ref feature applied to this Bioseq BIOSEQ: gnl|NCBIFILE|rbcL_Het.sqn/NC-2_1: raw, aa len= 427
ERROR: valid [SEQ_FEAT.NoProtRefFound] No full length Prot-ref feature applied to this Bioseq BIOSEQ: gnl|NCBIFILE|rbcL_Het.sqn/NC-5_1: raw, aa len= 427
ERROR: valid [SEQ_FEAT.NoProtRefFound] No full length Prot-ref feature applied to this Bioseq BIOSEQ: gnl|NCBIFILE|rbcL_Het.sqn/OK-C_1: raw, aa len= 427
ERROR: valid [SEQ_FEAT.NoProtRefFound] No full length Prot-ref feature applied to this Bioseq BIOSEQ: gnl|NCBIFILE|rbcL_Het.sqn/IN-2_1: raw, aa len= 427
ERROR: valid [SEQ_FEAT.NoProtRefFound] No full length Prot-ref feature applied to this Bioseq BIOSEQ: gnl|NCBIFILE|rbcL_Het.sqn/IN-1_1: raw, aa len= 427
ERROR: valid [SEQ_FEAT.NoProtRefFound] No full length Prot-ref feature applied to this Bioseq BIOSEQ: gnl|NCBIFILE|rbcL_Het.sqn/PA-4B_1: raw, aa len= 427
ERROR: valid [SEQ_FEAT.NoProtRefFound] No full length Prot-ref feature applied to this Bioseq BIOSEQ: gnl|NCBIFILE|rbcL_Het.sqn/RI-P7_1: raw, aa len= 427
ERROR: valid [SEQ_FEAT.NoProtRefFound] No full length Prot-ref feature applied to this Bioseq BIOSEQ: gnl|NCBIFILE|rbcL_Het.sqn/SC-L_1: raw, aa len= 427
ERROR: valid [SEQ_FEAT.NoProtRefFound] No full length Prot-ref feature applied to this Bioseq BIOSEQ: gnl|NCBIFILE|rbcL_Het.sqn/ME-T1_1: raw, aa len= 427
ERROR: valid [SEQ_FEAT.NoProtRefFound] No full length Prot-ref feature applied to this Bioseq BIOSEQ: gnl|NCBIFILE|rbcL_Het.sqn/OH-LC_1: raw, aa len= 427
ERROR: valid [SEQ_FEAT.NoProtRefFound] No full length Prot-ref feature applied to this Bioseq BIOSEQ: gnl|NCBIFILE|rbcL_Het.sqn/OH-MRL1_1: raw, aa len= 427
ERROR: valid [SEQ_FEAT.NoProtRefFound] No full length Prot-ref feature applied to this Bioseq BIOSEQ: gnl|NCBIFILE|rbcL_Het.sqn/WI-0201_1: raw, aa len= 427
ERROR: valid [SEQ_FEAT.NoProtRefFound] No full length Prot-ref feature applied to this Bioseq BIOSEQ: gnl|NCBIFILE|rbcL_Het.sqn/GA-5_1: raw, aa len= 427
ERROR: valid [SEQ_FEAT.NoProtRefFound] No full length Prot-ref feature applied to this Bioseq BIOSEQ: gnl|NCBIFILE|rbcL_Het.sqn/GA-8_1: raw, aa len= 427
ERROR: valid [SEQ_FEAT.NoProtRefFound] No full length Prot-ref feature applied to this Bioseq BIOSEQ: gnl|NCBIFILE|rbcL_Het.sqn/GA-13_1: raw, aa len= 427
ERROR: valid [SEQ_FEAT.NoProtRefFound] No full length Prot-ref feature applied to this Bioseq BIOSEQ: gnl|NCBIFILE|rbcL_Het.sqn/TN-W_1: raw, aa len= 427
ERROR: valid [SEQ_FEAT.NoProtRefFound] No full length Prot-ref feature applied to this Bioseq BIOSEQ: gnl|NCBIFILE|rbcL_Het.sqn/accAF029140_1: raw, aa len= 427
ERROR: valid [SEQ_FEAT.NoProtRefFound] No full length Prot-ref feature applied to this Bioseq BIOSEQ: gnl|NCBIFILE|rbcL_Het.sqn/accAF029161_1: raw, aa len= 279
ERROR: valid [SEQ_FEAT.NoProtRefFound] No full length Prot-ref feature applied to this Bioseq BIOSEQ: gnl|NCBIFILE|rbcL_Het.sqn/accDQ393132_1: raw, aa len= 427
ERROR: valid [SEQ_FEAT.NoProtRefFound] No full length Prot-ref feature applied to this Bioseq BIOSEQ: gnl|NCBIFILE|rbcL_Het.sqn/AZ_1: raw, aa len= 427
ERROR: valid [SEQ_FEAT.NoProtRefFound] No full length Prot-ref feature applied to this Bioseq BIOSEQ: gnl|NCBIFILE|rbcL_Het.sqn/accDQ393133_1: raw, aa len= 427
ERROR: valid [SEQ_FEAT.NoProtRefFound] No full length Prot-ref feature applied to this Bioseq BIOSEQ: gnl|NCBIFILE|rbcL_Het.sqn/accGU810833_1: raw, aa len= 427
ERROR: valid [SEQ_FEAT.NoProtRefFound] No full length Prot-ref feature applied to this Bioseq BIOSEQ: gnl|NCBIFILE|rbcL_Het.sqn/accGU810834_1: raw, aa len= 427
ERROR: valid [SEQ_FEAT.NoProtRefFound] No full length Prot-ref feature applied to this Bioseq BIOSEQ: gnl|NCBIFILE|rbcL_Het.sqn/accDQ393136_1: raw, aa len= 427
ERROR: valid [SEQ_FEAT.NoProtRefFound] No full length Prot-ref feature applied to this Bioseq BIOSEQ: gnl|NCBIFILE|rbcL_Het.sqn/accAF029143_1: raw, aa len= 427
ERROR: valid [SEQ_FEAT.NoProtRefFound] No full length Prot-ref feature applied to this Bioseq BIOSEQ: gnl|NCBIFILE|rbcL_Het.sqn/accJF701682_1: raw, aa len= 427
ERROR: valid [SEQ_FEAT.NoProtRefFound] No full length Prot-ref feature applied to this Bioseq BIOSEQ: gnl|NCBIFILE|rbcL_Het.sqn/OK-B_1: raw, aa len= 427
ERROR: valid [SEQ_FEAT.NoProtRefFound] No full length Prot-ref feature applied to this Bioseq BIOSEQ: gnl|NCBIFILE|rbcL_Het.sqn/accEF116869_1: raw, aa len= 427
ERROR: valid [SEQ_FEAT.NoProtRefFound] No full length Prot-ref feature applied to this Bioseq BIOSEQ: gnl|NCBIFILE|rbcL_Het.sqn/accEF116876_1: raw, aa len= 427
ERROR: valid [SEQ_FEAT.NoProtRefFound] No full length Prot-ref feature applied to this Bioseq BIOSEQ: gnl|NCBIFILE|rbcL_Het.sqn/accEF116871_1: raw, aa len= 427
ERROR: valid [SEQ_FEAT.NoProtRefFound] No full length Prot-ref feature applied to this Bioseq BIOSEQ: gnl|NCBIFILE|rbcL_Het.sqn/EST_1: raw, aa len= 427
ERROR: valid [SEQ_FEAT.NoProtRefFound] No full length Prot-ref feature applied to this Bioseq BIOSEQ: gnl|NCBIFILE|rbcL_Het.sqn/LI_1: raw, aa len= 427
ERROR: valid [SEQ_FEAT.NoProtRefFound] No full length Prot-ref feature applied to this Bioseq BIOSEQ: gnl|NCBIFILE|rbcL_Het.sqn/PL-24-2008_1: raw, aa len= 427
ERROR: valid [SEQ_FEAT.NoProtRefFound] No full length Prot-ref feature applied to this Bioseq BIOSEQ: gnl|NCBIFILE|rbcL_Het.sqn/S-PL-4-2010_1: raw, aa len= 427
ERROR: valid [SEQ_FEAT.NoProtRefFound] No full length Prot-ref feature applied to this Bioseq BIOSEQ: gnl|NCBIFILE|rbcL_Het.sqn/S-PL-5-2010_1: raw, aa len= 427
ERROR: valid [SEQ_FEAT.NoProtRefFound] No full length Prot-ref feature applied to this Bioseq BIOSEQ: gnl|NCBIFILE|rbcL_Het.sqn/FI-16-2009_1: raw, aa len= 427
ERROR: valid [SEQ_FEAT.NoProtRefFound] No full length Prot-ref feature applied to this Bioseq BIOSEQ: gnl|NCBIFILE|rbcL_Het.sqn/FI-19-2009_1: raw, aa len= 427
ERROR: valid [SEQ_FEAT.NoProtRefFound] No full length Prot-ref feature applied to this Bioseq BIOSEQ: gnl|NCBIFILE|rbcL_Het.sqn/LI-19-2008_1: raw, aa len= 427
ERROR: valid [SEQ_FEAT.NoProtRefFound] No full length Prot-ref feature applied to this Bioseq BIOSEQ: gnl|NCBIFILE|rbcL_Het.sqn/N-PL-5-2010_1: raw, aa len= 427
ERROR: valid [SEQ_FEAT.NoProtRefFound] No full length Prot-ref feature applied to this Bioseq BIOSEQ: gnl|NCBIFILE|rbcL_Het.sqn/GB-6-2010_1: raw, aa len= 427
ERROR: valid [SEQ_FEAT.NoProtRefFound] No full length Prot-ref feature applied to this Bioseq BIOSEQ: gnl|NCBIFILE|rbcL_Het.sqn/GB-1-2010_1: raw, aa len= 427
ERROR: valid [SEQ_FEAT.NoProtRefFound] No full length Prot-ref feature applied to this Bioseq BIOSEQ: gnl|NCBIFILE|rbcL_Het.sqn/GB-E35_1: raw, aa len= 427
ERROR: valid [SEQ_FEAT.NoProtRefFound] No full length Prot-ref feature applied to this Bioseq BIOSEQ: gnl|NCBIFILE|rbcL_Het.sqn/PL-9-2011_1: raw, aa len= 427
ERROR: valid [SEQ_FEAT.NoProtRefFound] No full length Prot-ref feature applied to this Bioseq BIOSEQ: gnl|NCBIFILE|rbcL_Het.sqn/VA-E16_1: raw, aa len= 427
ERROR: valid [SEQ_FEAT.NoProtRefFound] No full length Prot-ref feature applied to this Bioseq BIOSEQ: gnl|NCBIFILE|rbcL_Het.sqn/VA-E5_1: raw, aa len= 427
ERROR: valid [SEQ_FEAT.NoProtRefFound] No full length Prot-ref feature applied to this Bioseq BIOSEQ: gnl|NCBIFILE|rbcL_Het.sqn/VA-E9_1: raw, aa len= 427
ERROR: valid [SEQ_FEAT.NoProtRefFound] No full length Prot-ref feature applied to this Bioseq BIOSEQ: gnl|NCBIFILE|rbcL_Het.sqn/accEF116873_1: raw, aa len= 427
ERROR: valid [SEQ_FEAT.NoProtRefFound] No full length Prot-ref feature applied to this Bioseq BIOSEQ: gnl|NCBIFILE|rbcL_Het.sqn/OH-LT1_1: raw, aa len= 427
ERROR: valid [SEQ_FEAT.NoProtRefFound] No full length Prot-ref feature applied to this Bioseq BIOSEQ: gnl|NCBIFILE|rbcL_Het.sqn/TX-B_1: raw, aa len= 427
ERROR: valid [SEQ_FEAT.NoProtRefFound] No full length Prot-ref feature applied to this Bioseq BIOSEQ: gnl|NCBIFILE|rbcL_Het.sqn/TX-C_1: raw, aa len= 427
ERROR: valid [SEQ_FEAT.NoProtRefFound] No full length Prot-ref feature applied to this Bioseq BIOSEQ: gnl|NCBIFILE|rbcL_Het.sqn/FL-2_1: raw, aa len= 427
ERROR: valid [SEQ_FEAT.NoProtRefFound] No full length Prot-ref feature applied to this Bioseq BIOSEQ: gnl|NCBIFILE|rbcL_Het.sqn/NC-21_1: raw, aa len= 427
ERROR: valid [SEQ_FEAT.NoProtRefFound] No full length Prot-ref feature applied to this Bioseq BIOSEQ: gnl|NCBIFILE|rbcL_Het.sqn/NC-1_1: raw, aa len= 427
ERROR: valid [SEQ_FEAT.NoProtRefFound] No full length Prot-ref feature applied to this Bioseq BIOSEQ: gnl|NCBIFILE|rbcL_Het.sqn/IN-4_1: raw, aa len= 427
ERROR: valid [SEQ_FEAT.NoProtRefFound] No full length Prot-ref feature applied to this Bioseq BIOSEQ: gnl|NCBIFILE|rbcL_Het.sqn/RI-P3_1: raw, aa len= 427
ERROR: valid [SEQ_FEAT.NoProtRefFound] No full length Prot-ref feature applied to this Bioseq BIOSEQ: gnl|NCBIFILE|rbcL_Het.sqn/NY-P_1: raw, aa len= 427
ERROR: valid [SEQ_FEAT.NoProtRefFound] No full length Prot-ref feature applied to this Bioseq BIOSEQ: gnl|NCBIFILE|rbcL_Het.sqn/RI-P1_1: raw, aa len= 427
ERROR: valid [SEQ_FEAT.NoProtRefFound] No full length Prot-ref feature applied to this Bioseq BIOSEQ: gnl|NCBIFILE|rbcL_Het.sqn/accGU457346_1: raw, aa len= 427
ERROR: valid [SEQ_FEAT.NoProtRefFound] No full length Prot-ref feature applied to this Bioseq BIOSEQ: gnl|NCBIFILE|rbcL_Het.sqn/accGU457347_1: raw, aa len= 427
ERROR: valid [SEQ_FEAT.NoProtRefFound] No full length Prot-ref feature applied to this Bioseq BIOSEQ: gnl|NCBIFILE|rbcL_Het.sqn/SC-S_1: raw, aa len= 427
ERROR: valid [SEQ_FEAT.NoProtRefFound] No full length Prot-ref feature applied to this Bioseq BIOSEQ: gnl|NCBIFILE|rbcL_Het.sqn/SC-R_1: raw, aa len= 427
ERROR: valid [SEQ_FEAT.NoProtRefFound] No full length Prot-ref feature applied to this Bioseq BIOSEQ: gnl|NCBIFILE|rbcL_Het.sqn/OH-SF_1: raw, aa len= 427
ERROR: valid [SEQ_FEAT.NoProtRefFound] No full length Prot-ref feature applied to this Bioseq BIOSEQ: gnl|NCBIFILE|rbcL_Het.sqn/NY-S_1: raw, aa len= 427
ERROR: valid [SEQ_FEAT.NoProtRefFound] No full length Prot-ref feature applied to this Bioseq BIOSEQ: gnl|NCBIFILE|rbcL_Het.sqn/AL-S3_1: raw, aa len= 427
ERROR: valid [SEQ_FEAT.NoProtRefFound] No full length Prot-ref feature applied to this Bioseq BIOSEQ: gnl|NCBIFILE|rbcL_Het.sqn/AL-S5_1: raw, aa len= 427
ERROR: valid [SEQ_FEAT.NoProtRefFound] No full length Prot-ref feature applied to this Bioseq BIOSEQ: gnl|NCBIFILE|rbcL_Het.sqn/VA-S_1: raw, aa len= 427
ERROR: valid [SEQ_FEAT.NoProtRefFound] No full length Prot-ref feature applied to this Bioseq BIOSEQ: gnl|NCBIFILE|rbcL_Het.sqn/accAY297054_1: raw, aa len= 427
ERROR: valid [SEQ_FEAT.NoProtRefFound] No full length Prot-ref feature applied to this Bioseq BIOSEQ: gnl|NCBIFILE|rbcL_Het.sqn/ME-T2_1: raw, aa len= 427
ERROR: valid [SEQ_FEAT.NoProtRefFound] No full length Prot-ref feature applied to this Bioseq BIOSEQ: gnl|NCBIFILE|rbcL_Het.sqn/WI-0202_1: raw, aa len= 427
ERROR: valid [SEQ_FEAT.NoProtRefFound] No full length Prot-ref feature applied to this Bioseq BIOSEQ: gnl|NCBIFILE|DarylSeqs.sqn/BG1_1: raw, aa len= 221
ERROR: valid [SEQ_FEAT.SuspiciousFrame] Suspicious CDS location - frame > 1 but not 5' partial FEATURE: CDS:  [lcl|BG1:1-664] [lcl|BG1: raw, dna len= 664] -> [gnl|NCBIFILE|DarylSeqs.sqn/BG1_1]
ERROR: valid [SEQ_FEAT.NoStop] Missing stop codon FEATURE: CDS:  [lcl|BG1:1-664] [lcl|BG1: raw, dna len= 664] -> [gnl|NCBIFILE|DarylSeqs.sqn/BG1_1]
ERROR: valid [SEQ_FEAT.NoProtRefFound] No full length Prot-ref feature applied to this Bioseq BIOSEQ: gnl|NCBIFILE|DarylSeqs.sqn/B_gel_VA1_1: raw, aa len= 410
ERROR: valid [SEQ_FEAT.SuspiciousFrame] Suspicious CDS location - frame > 1 but not 5' partial FEATURE: CDS:  [lcl|B_gel_VA1:1-1232] [lcl|B_gel_VA1: raw, dna len= 1232] -> [gnl|NCBIFILE|DarylSeqs.sqn/B_gel_VA1_1]
ERROR: valid [SEQ_FEAT.NoStop] Missing stop codon FEATURE: CDS:  [lcl|B_gel_VA1:1-1232] [lcl|B_gel_VA1: raw, dna len= 1232] -> [gnl|NCBIFILE|DarylSeqs.sqn/B_gel_VA1_1]
ERROR: valid [SEQ_FEAT.NoProtRefFound] No full length Prot-ref feature applied to this Bioseq BIOSEQ: gnl|NCBIFILE|DarylSeqs.sqn/Lemanea_fucina_1: raw, aa len= 410
ERROR: valid [SEQ_FEAT.SuspiciousFrame] Suspicious CDS location - frame > 1 but not 5' partial FEATURE: CDS:  [lcl|Lemanea_fucina:1-1232] [lcl|Lemanea_fucina: raw, dna len= 1232] -> [gnl|NCBIFILE|DarylSeqs.sqn/Lemanea_fucina_1]
ERROR: valid [SEQ_FEAT.NoStop] Missing stop codon FEATURE: CDS:  [lcl|Lemanea_fucina:1-1232] [lcl|Lemanea_fucina: raw, dna len= 1232] -> [gnl|NCBIFILE|DarylSeqs.sqn/Lemanea_fucina_1]
end-of-file
