ERROR: valid [SEQ_INST.MolNuclAcid] Bioseq.mol is type na BIOSEQ: lcl|seq_1: raw, na len= 336
ERROR: valid [SEQ_DESCR.NoMolInfoFound] No Mol-info applies to this Bioseq BIOSEQ: lcl|seq_1: raw, na len= 336
ERROR: valid [SEQ_INST.BadProteinStart] gap symbol at start of protein sequence (gene? - abc) BIOSEQ: lcl|seq_1_1: raw, aa len= 112
ERROR: valid [SEQ_PKG.NoCdRegionPtr] No CdRegion in nuc-prot set points to this protein BIOSEQ: lcl|seq_1_1: raw, aa len= 112
ERROR: valid [SEQ_FEAT.StartCodon] Illegal start codon used. Wrong genetic code [1] or protein should be partial FEATURE: CDS:  [lcl|seq_1:1-336] [lcl|seq_1: raw, na len= 336] -> [lcl|seq_2_1]
ERROR: valid [SEQ_FEAT.NoStop] Missing stop codon FEATURE: CDS:  [lcl|seq_1:1-336] [lcl|seq_1: raw, na len= 336] -> [lcl|seq_2_1]
ERROR: valid [SEQ_FEAT.CDSproductPackagingProblem] Protein product not packaged in nuc-prot set with nucleotide FEATURE: CDS:  [lcl|seq_1:1-336] [lcl|seq_1: raw, na len= 336] -> [lcl|seq_2_1]
ERROR: valid [SEQ_INST.MolNuclAcid] Bioseq.mol is type na BIOSEQ: lcl|seq_2: raw, na len= 336
ERROR: valid [SEQ_DESCR.NoMolInfoFound] No Mol-info applies to this Bioseq BIOSEQ: lcl|seq_2: raw, na len= 336
ERROR: valid [SEQ_FEAT.StartCodon] Illegal start codon used. Wrong genetic code [1] or protein should be partial FEATURE: CDS:  [lcl|seq_2:1-336] [lcl|seq_2: raw, na len= 336] -> [lcl|seq_2_1]
ERROR: valid [SEQ_FEAT.NoStop] Missing stop codon FEATURE: CDS:  [lcl|seq_2:1-336] [lcl|seq_2: raw, na len= 336] -> [lcl|seq_2_1]
REJECT: valid [SEQ_FEAT.MultipleCDSproducts] Same product Bioseq from multiple CDS features FEATURE: CDS:  [lcl|seq_2:1-336] [lcl|seq_2: raw, na len= 336] -> [lcl|seq_2_1]
ERROR: valid [SEQ_INST.BadProteinStart] gap symbol at start of protein sequence (gene? - prot?) BIOSEQ: lcl|seq_2_1: raw, aa len= 112
ERROR: valid [SEQ_FEAT.NoProtRefFound] No full length Prot-ref feature applied to this Bioseq BIOSEQ: lcl|seq_2_1: raw, aa len= 112
ERROR: valid [SEQ_INST.MolNuclAcid] Bioseq.mol is type na BIOSEQ: lcl|seq_3: raw, na len= 336
ERROR: valid [SEQ_DESCR.NoMolInfoFound] No Mol-info applies to this Bioseq BIOSEQ: lcl|seq_3: raw, na len= 336
ERROR: valid [SEQ_INST.MolNuclAcid] Bioseq.mol is type na BIOSEQ: lcl|seq_4: raw, na len= 336
ERROR: valid [SEQ_DESCR.NoMolInfoFound] No Mol-info applies to this Bioseq BIOSEQ: lcl|seq_4: raw, na len= 336
ERROR: valid [SEQ_INST.MolNuclAcid] Bioseq.mol is type na BIOSEQ: lcl|seq_5: raw, na len= 336
ERROR: valid [SEQ_DESCR.NoMolInfoFound] No Mol-info applies to this Bioseq BIOSEQ: lcl|seq_5: raw, na len= 336
ERROR: valid [SEQ_INST.MolNuclAcid] Bioseq.mol is type na BIOSEQ: lcl|seq_6: raw, na len= 336
ERROR: valid [SEQ_DESCR.NoMolInfoFound] No Mol-info applies to this Bioseq BIOSEQ: lcl|seq_6: raw, na len= 336
ERROR: valid [SEQ_INST.MolNuclAcid] Bioseq.mol is type na BIOSEQ: lcl|seq_7: raw, na len= 336
ERROR: valid [SEQ_DESCR.NoMolInfoFound] No Mol-info applies to this Bioseq BIOSEQ: lcl|seq_7: raw, na len= 336
ERROR: valid [SEQ_INST.MolNuclAcid] Bioseq.mol is type na BIOSEQ: lcl|seq_8: raw, na len= 336
ERROR: valid [SEQ_DESCR.NoMolInfoFound] No Mol-info applies to this Bioseq BIOSEQ: lcl|seq_8: raw, na len= 336
ERROR: valid [SEQ_INST.MolNuclAcid] Bioseq.mol is type na BIOSEQ: lcl|seq_9: raw, na len= 336
ERROR: valid [SEQ_DESCR.NoMolInfoFound] No Mol-info applies to this Bioseq BIOSEQ: lcl|seq_9: raw, na len= 336
ERROR: valid [SEQ_INST.MolNuclAcid] Bioseq.mol is type na BIOSEQ: lcl|seq_10: raw, na len= 336
ERROR: valid [SEQ_DESCR.NoMolInfoFound] No Mol-info applies to this Bioseq BIOSEQ: lcl|seq_10: raw, na len= 336
ERROR: valid [SEQ_INST.MolNuclAcid] Bioseq.mol is type na BIOSEQ: lcl|seq_100: raw, na len= 336
ERROR: valid [SEQ_DESCR.NoMolInfoFound] No Mol-info applies to this Bioseq BIOSEQ: lcl|seq_100: raw, na len= 336
ERROR: valid [SEQ_INST.MolNuclAcid] Bioseq.mol is type na BIOSEQ: lcl|seq_101: raw, na len= 336
ERROR: valid [SEQ_DESCR.NoMolInfoFound] No Mol-info applies to this Bioseq BIOSEQ: lcl|seq_101: raw, na len= 336
ERROR: valid [SEQ_INST.MolNuclAcid] Bioseq.mol is type na BIOSEQ: lcl|seq_102: raw, na len= 336
ERROR: valid [SEQ_DESCR.NoMolInfoFound] No Mol-info applies to this Bioseq BIOSEQ: lcl|seq_102: raw, na len= 336
ERROR: valid [SEQ_INST.MolNuclAcid] Bioseq.mol is type na BIOSEQ: lcl|seq_103: raw, na len= 336
ERROR: valid [SEQ_DESCR.NoMolInfoFound] No Mol-info applies to this Bioseq BIOSEQ: lcl|seq_103: raw, na len= 336
ERROR: valid [SEQ_INST.MolNuclAcid] Bioseq.mol is type na BIOSEQ: lcl|seq_104: raw, na len= 336
ERROR: valid [SEQ_DESCR.NoMolInfoFound] No Mol-info applies to this Bioseq BIOSEQ: lcl|seq_104: raw, na len= 336
ERROR: valid [SEQ_INST.MolNuclAcid] Bioseq.mol is type na BIOSEQ: lcl|seq_105: raw, na len= 336
ERROR: valid [SEQ_DESCR.NoMolInfoFound] No Mol-info applies to this Bioseq BIOSEQ: lcl|seq_105: raw, na len= 336
ERROR: valid [SEQ_INST.MolNuclAcid] Bioseq.mol is type na BIOSEQ: lcl|seq_106: raw, na len= 336
ERROR: valid [SEQ_DESCR.NoMolInfoFound] No Mol-info applies to this Bioseq BIOSEQ: lcl|seq_106: raw, na len= 336
ERROR: valid [SEQ_INST.MolNuclAcid] Bioseq.mol is type na BIOSEQ: lcl|seq_107: raw, na len= 336
ERROR: valid [SEQ_DESCR.NoMolInfoFound] No Mol-info applies to this Bioseq BIOSEQ: lcl|seq_107: raw, na len= 336
ERROR: valid [SEQ_INST.MolNuclAcid] Bioseq.mol is type na BIOSEQ: lcl|seq_108: raw, na len= 336
ERROR: valid [SEQ_DESCR.NoMolInfoFound] No Mol-info applies to this Bioseq BIOSEQ: lcl|seq_108: raw, na len= 336
ERROR: valid [SEQ_INST.MolNuclAcid] Bioseq.mol is type na BIOSEQ: lcl|seq_109: raw, na len= 336
ERROR: valid [SEQ_DESCR.NoMolInfoFound] No Mol-info applies to this Bioseq BIOSEQ: lcl|seq_109: raw, na len= 336
ERROR: valid [SEQ_INST.MolNuclAcid] Bioseq.mol is type na BIOSEQ: lcl|seq_110: raw, na len= 336
ERROR: valid [SEQ_DESCR.NoMolInfoFound] No Mol-info applies to this Bioseq BIOSEQ: lcl|seq_110: raw, na len= 336
ERROR: valid [SEQ_INST.MolNuclAcid] Bioseq.mol is type na BIOSEQ: lcl|seq_111: raw, na len= 336
ERROR: valid [SEQ_DESCR.NoMolInfoFound] No Mol-info applies to this Bioseq BIOSEQ: lcl|seq_111: raw, na len= 336
ERROR: valid [SEQ_INST.MolNuclAcid] Bioseq.mol is type na BIOSEQ: lcl|seq_112: raw, na len= 336
ERROR: valid [SEQ_DESCR.NoMolInfoFound] No Mol-info applies to this Bioseq BIOSEQ: lcl|seq_112: raw, na len= 336
ERROR: valid [SEQ_INST.MolNuclAcid] Bioseq.mol is type na BIOSEQ: lcl|seq_113: raw, na len= 336
ERROR: valid [SEQ_DESCR.NoMolInfoFound] No Mol-info applies to this Bioseq BIOSEQ: lcl|seq_113: raw, na len= 336
ERROR: valid [SEQ_INST.MolNuclAcid] Bioseq.mol is type na BIOSEQ: lcl|seq_114: raw, na len= 336
ERROR: valid [SEQ_DESCR.NoMolInfoFound] No Mol-info applies to this Bioseq BIOSEQ: lcl|seq_114: raw, na len= 336
ERROR: valid [SEQ_INST.MolNuclAcid] Bioseq.mol is type na BIOSEQ: lcl|seq_115: raw, na len= 336
ERROR: valid [SEQ_DESCR.NoMolInfoFound] No Mol-info applies to this Bioseq BIOSEQ: lcl|seq_115: raw, na len= 336
ERROR: valid [SEQ_INST.MolNuclAcid] Bioseq.mol is type na BIOSEQ: lcl|seq_116: raw, na len= 336
ERROR: valid [SEQ_DESCR.NoMolInfoFound] No Mol-info applies to this Bioseq BIOSEQ: lcl|seq_116: raw, na len= 336
ERROR: valid [SEQ_INST.MolNuclAcid] Bioseq.mol is type na BIOSEQ: lcl|seq_117: raw, na len= 336
ERROR: valid [SEQ_DESCR.NoMolInfoFound] No Mol-info applies to this Bioseq BIOSEQ: lcl|seq_117: raw, na len= 336
ERROR: valid [SEQ_INST.MolNuclAcid] Bioseq.mol is type na BIOSEQ: lcl|seq_118: raw, na len= 336
ERROR: valid [SEQ_DESCR.NoMolInfoFound] No Mol-info applies to this Bioseq BIOSEQ: lcl|seq_118: raw, na len= 336
ERROR: valid [SEQ_INST.MolNuclAcid] Bioseq.mol is type na BIOSEQ: lcl|seq_119: raw, na len= 336
ERROR: valid [SEQ_DESCR.NoMolInfoFound] No Mol-info applies to this Bioseq BIOSEQ: lcl|seq_119: raw, na len= 336
ERROR: valid [SEQ_INST.MolNuclAcid] Bioseq.mol is type na BIOSEQ: lcl|seq_120: raw, na len= 336
ERROR: valid [SEQ_DESCR.NoMolInfoFound] No Mol-info applies to this Bioseq BIOSEQ: lcl|seq_120: raw, na len= 336
ERROR: valid [SEQ_INST.MolNuclAcid] Bioseq.mol is type na BIOSEQ: lcl|seq_121: raw, na len= 336
ERROR: valid [SEQ_DESCR.NoMolInfoFound] No Mol-info applies to this Bioseq BIOSEQ: lcl|seq_121: raw, na len= 336
ERROR: valid [SEQ_INST.MolNuclAcid] Bioseq.mol is type na BIOSEQ: lcl|seq_122: raw, na len= 336
ERROR: valid [SEQ_DESCR.NoMolInfoFound] No Mol-info applies to this Bioseq BIOSEQ: lcl|seq_122: raw, na len= 336
ERROR: valid [SEQ_INST.MolNuclAcid] Bioseq.mol is type na BIOSEQ: lcl|seq_123: raw, na len= 336
ERROR: valid [SEQ_DESCR.NoMolInfoFound] No Mol-info applies to this Bioseq BIOSEQ: lcl|seq_123: raw, na len= 336
ERROR: valid [SEQ_INST.MolNuclAcid] Bioseq.mol is type na BIOSEQ: lcl|seq_124: raw, na len= 336
ERROR: valid [SEQ_DESCR.NoMolInfoFound] No Mol-info applies to this Bioseq BIOSEQ: lcl|seq_124: raw, na len= 336
ERROR: valid [SEQ_INST.MolNuclAcid] Bioseq.mol is type na BIOSEQ: lcl|seq_125: raw, na len= 336
ERROR: valid [SEQ_DESCR.NoMolInfoFound] No Mol-info applies to this Bioseq BIOSEQ: lcl|seq_125: raw, na len= 336
ERROR: valid [SEQ_INST.MolNuclAcid] Bioseq.mol is type na BIOSEQ: lcl|seq_126: raw, na len= 336
ERROR: valid [SEQ_DESCR.NoMolInfoFound] No Mol-info applies to this Bioseq BIOSEQ: lcl|seq_126: raw, na len= 336
ERROR: valid [SEQ_INST.MolNuclAcid] Bioseq.mol is type na BIOSEQ: lcl|seq_127: raw, na len= 336
ERROR: valid [SEQ_DESCR.NoMolInfoFound] No Mol-info applies to this Bioseq BIOSEQ: lcl|seq_127: raw, na len= 336
ERROR: valid [SEQ_INST.MolNuclAcid] Bioseq.mol is type na BIOSEQ: lcl|seq_128: raw, na len= 336
ERROR: valid [SEQ_DESCR.NoMolInfoFound] No Mol-info applies to this Bioseq BIOSEQ: lcl|seq_128: raw, na len= 336
ERROR: valid [SEQ_INST.MolNuclAcid] Bioseq.mol is type na BIOSEQ: lcl|seq_129: raw, na len= 336
ERROR: valid [SEQ_DESCR.NoMolInfoFound] No Mol-info applies to this Bioseq BIOSEQ: lcl|seq_129: raw, na len= 336
ERROR: valid [SEQ_INST.MolNuclAcid] Bioseq.mol is type na BIOSEQ: lcl|seq_130: raw, na len= 336
ERROR: valid [SEQ_DESCR.NoMolInfoFound] No Mol-info applies to this Bioseq BIOSEQ: lcl|seq_130: raw, na len= 336
ERROR: valid [SEQ_INST.MolNuclAcid] Bioseq.mol is type na BIOSEQ: lcl|seq_131: raw, na len= 336
ERROR: valid [SEQ_DESCR.NoMolInfoFound] No Mol-info applies to this Bioseq BIOSEQ: lcl|seq_131: raw, na len= 336
ERROR: valid [SEQ_INST.MolNuclAcid] Bioseq.mol is type na BIOSEQ: lcl|seq_132: raw, na len= 336
ERROR: valid [SEQ_DESCR.NoMolInfoFound] No Mol-info applies to this Bioseq BIOSEQ: lcl|seq_132: raw, na len= 336
ERROR: valid [SEQ_INST.MolNuclAcid] Bioseq.mol is type na BIOSEQ: lcl|seq_133: raw, na len= 336
ERROR: valid [SEQ_DESCR.NoMolInfoFound] No Mol-info applies to this Bioseq BIOSEQ: lcl|seq_133: raw, na len= 336
ERROR: valid [SEQ_INST.MolNuclAcid] Bioseq.mol is type na BIOSEQ: lcl|seq_134: raw, na len= 336
ERROR: valid [SEQ_DESCR.NoMolInfoFound] No Mol-info applies to this Bioseq BIOSEQ: lcl|seq_134: raw, na len= 336
ERROR: valid [SEQ_INST.MolNuclAcid] Bioseq.mol is type na BIOSEQ: lcl|seq_135: raw, na len= 336
ERROR: valid [SEQ_DESCR.NoMolInfoFound] No Mol-info applies to this Bioseq BIOSEQ: lcl|seq_135: raw, na len= 336
ERROR: valid [SEQ_INST.MolNuclAcid] Bioseq.mol is type na BIOSEQ: lcl|seq_136: raw, na len= 336
ERROR: valid [SEQ_DESCR.NoMolInfoFound] No Mol-info applies to this Bioseq BIOSEQ: lcl|seq_136: raw, na len= 336
ERROR: valid [SEQ_INST.MolNuclAcid] Bioseq.mol is type na BIOSEQ: lcl|seq_137: raw, na len= 336
ERROR: valid [SEQ_DESCR.NoMolInfoFound] No Mol-info applies to this Bioseq BIOSEQ: lcl|seq_137: raw, na len= 336
ERROR: valid [SEQ_INST.MolNuclAcid] Bioseq.mol is type na BIOSEQ: lcl|seq_138: raw, na len= 336
ERROR: valid [SEQ_DESCR.NoMolInfoFound] No Mol-info applies to this Bioseq BIOSEQ: lcl|seq_138: raw, na len= 336
ERROR: valid [SEQ_INST.MolNuclAcid] Bioseq.mol is type na BIOSEQ: lcl|seq_139: raw, na len= 336
ERROR: valid [SEQ_DESCR.NoMolInfoFound] No Mol-info applies to this Bioseq BIOSEQ: lcl|seq_139: raw, na len= 336
ERROR: valid [SEQ_INST.MolNuclAcid] Bioseq.mol is type na BIOSEQ: lcl|seq_140: raw, na len= 336
ERROR: valid [SEQ_DESCR.NoMolInfoFound] No Mol-info applies to this Bioseq BIOSEQ: lcl|seq_140: raw, na len= 336
ERROR: valid [SEQ_INST.MolNuclAcid] Bioseq.mol is type na BIOSEQ: lcl|seq_141: raw, na len= 336
ERROR: valid [SEQ_DESCR.NoMolInfoFound] No Mol-info applies to this Bioseq BIOSEQ: lcl|seq_141: raw, na len= 336
ERROR: valid [SEQ_INST.MolNuclAcid] Bioseq.mol is type na BIOSEQ: lcl|seq_142: raw, na len= 336
ERROR: valid [SEQ_DESCR.NoMolInfoFound] No Mol-info applies to this Bioseq BIOSEQ: lcl|seq_142: raw, na len= 336
ERROR: valid [SEQ_INST.MolNuclAcid] Bioseq.mol is type na BIOSEQ: lcl|seq_143: raw, na len= 336
ERROR: valid [SEQ_DESCR.NoMolInfoFound] No Mol-info applies to this Bioseq BIOSEQ: lcl|seq_143: raw, na len= 336
ERROR: valid [SEQ_INST.MolNuclAcid] Bioseq.mol is type na BIOSEQ: lcl|seq_144: raw, na len= 336
ERROR: valid [SEQ_DESCR.NoMolInfoFound] No Mol-info applies to this Bioseq BIOSEQ: lcl|seq_144: raw, na len= 336
ERROR: valid [SEQ_INST.MolNuclAcid] Bioseq.mol is type na BIOSEQ: lcl|seq_145: raw, na len= 336
ERROR: valid [SEQ_DESCR.NoMolInfoFound] No Mol-info applies to this Bioseq BIOSEQ: lcl|seq_145: raw, na len= 336
ERROR: valid [SEQ_INST.MolNuclAcid] Bioseq.mol is type na BIOSEQ: lcl|seq_146: raw, na len= 336
ERROR: valid [SEQ_DESCR.NoMolInfoFound] No Mol-info applies to this Bioseq BIOSEQ: lcl|seq_146: raw, na len= 336
ERROR: valid [SEQ_INST.MolNuclAcid] Bioseq.mol is type na BIOSEQ: lcl|seq_147: raw, na len= 336
ERROR: valid [SEQ_DESCR.NoMolInfoFound] No Mol-info applies to this Bioseq BIOSEQ: lcl|seq_147: raw, na len= 336
ERROR: valid [SEQ_INST.MolNuclAcid] Bioseq.mol is type na BIOSEQ: lcl|seq_148: raw, na len= 336
ERROR: valid [SEQ_DESCR.NoMolInfoFound] No Mol-info applies to this Bioseq BIOSEQ: lcl|seq_148: raw, na len= 336
ERROR: valid [SEQ_INST.MolNuclAcid] Bioseq.mol is type na BIOSEQ: lcl|seq_149: raw, na len= 336
ERROR: valid [SEQ_DESCR.NoMolInfoFound] No Mol-info applies to this Bioseq BIOSEQ: lcl|seq_149: raw, na len= 336
ERROR: valid [SEQ_INST.MolNuclAcid] Bioseq.mol is type na BIOSEQ: lcl|seq_150: raw, na len= 336
ERROR: valid [SEQ_DESCR.NoMolInfoFound] No Mol-info applies to this Bioseq BIOSEQ: lcl|seq_150: raw, na len= 336
ERROR: valid [SEQ_INST.MolNuclAcid] Bioseq.mol is type na BIOSEQ: lcl|seq_151: raw, na len= 336
ERROR: valid [SEQ_DESCR.NoMolInfoFound] No Mol-info applies to this Bioseq BIOSEQ: lcl|seq_151: raw, na len= 336
ERROR: valid [SEQ_INST.MolNuclAcid] Bioseq.mol is type na BIOSEQ: lcl|seq_152: raw, na len= 336
ERROR: valid [SEQ_DESCR.NoMolInfoFound] No Mol-info applies to this Bioseq BIOSEQ: lcl|seq_152: raw, na len= 336
ERROR: valid [SEQ_INST.MolNuclAcid] Bioseq.mol is type na BIOSEQ: lcl|seq_153: raw, na len= 336
ERROR: valid [SEQ_DESCR.NoMolInfoFound] No Mol-info applies to this Bioseq BIOSEQ: lcl|seq_153: raw, na len= 336
ERROR: valid [SEQ_INST.MolNuclAcid] Bioseq.mol is type na BIOSEQ: lcl|seq_154: raw, na len= 336
ERROR: valid [SEQ_DESCR.NoMolInfoFound] No Mol-info applies to this Bioseq BIOSEQ: lcl|seq_154: raw, na len= 336
ERROR: valid [SEQ_INST.MolNuclAcid] Bioseq.mol is type na BIOSEQ: lcl|seq_155: raw, na len= 336
ERROR: valid [SEQ_DESCR.NoMolInfoFound] No Mol-info applies to this Bioseq BIOSEQ: lcl|seq_155: raw, na len= 336
ERROR: valid [SEQ_INST.MolNuclAcid] Bioseq.mol is type na BIOSEQ: lcl|seq_156: raw, na len= 336
ERROR: valid [SEQ_DESCR.NoMolInfoFound] No Mol-info applies to this Bioseq BIOSEQ: lcl|seq_156: raw, na len= 336
ERROR: valid [SEQ_INST.MolNuclAcid] Bioseq.mol is type na BIOSEQ: lcl|seq_157: raw, na len= 336
ERROR: valid [SEQ_DESCR.NoMolInfoFound] No Mol-info applies to this Bioseq BIOSEQ: lcl|seq_157: raw, na len= 336
ERROR: valid [SEQ_INST.MolNuclAcid] Bioseq.mol is type na BIOSEQ: lcl|seq_158: raw, na len= 336
ERROR: valid [SEQ_DESCR.NoMolInfoFound] No Mol-info applies to this Bioseq BIOSEQ: lcl|seq_158: raw, na len= 336
ERROR: valid [SEQ_INST.MolNuclAcid] Bioseq.mol is type na BIOSEQ: lcl|seq_159: raw, na len= 336
ERROR: valid [SEQ_DESCR.NoMolInfoFound] No Mol-info applies to this Bioseq BIOSEQ: lcl|seq_159: raw, na len= 336
ERROR: valid [SEQ_INST.MolNuclAcid] Bioseq.mol is type na BIOSEQ: lcl|seq_160: raw, na len= 336
ERROR: valid [SEQ_DESCR.NoMolInfoFound] No Mol-info applies to this Bioseq BIOSEQ: lcl|seq_160: raw, na len= 336
ERROR: valid [SEQ_INST.MolNuclAcid] Bioseq.mol is type na BIOSEQ: lcl|seq_161: raw, na len= 336
ERROR: valid [SEQ_DESCR.NoMolInfoFound] No Mol-info applies to this Bioseq BIOSEQ: lcl|seq_161: raw, na len= 336
ERROR: valid [SEQ_INST.MolNuclAcid] Bioseq.mol is type na BIOSEQ: lcl|seq_162: raw, na len= 336
ERROR: valid [SEQ_DESCR.NoMolInfoFound] No Mol-info applies to this Bioseq BIOSEQ: lcl|seq_162: raw, na len= 336
ERROR: valid [SEQ_INST.MolNuclAcid] Bioseq.mol is type na BIOSEQ: lcl|seq_163: raw, na len= 336
ERROR: valid [SEQ_DESCR.NoMolInfoFound] No Mol-info applies to this Bioseq BIOSEQ: lcl|seq_163: raw, na len= 336
ERROR: valid [SEQ_INST.MolNuclAcid] Bioseq.mol is type na BIOSEQ: lcl|seq_164: raw, na len= 336
ERROR: valid [SEQ_DESCR.NoMolInfoFound] No Mol-info applies to this Bioseq BIOSEQ: lcl|seq_164: raw, na len= 336
ERROR: valid [SEQ_INST.MolNuclAcid] Bioseq.mol is type na BIOSEQ: lcl|seq_165: raw, na len= 336
ERROR: valid [SEQ_DESCR.NoMolInfoFound] No Mol-info applies to this Bioseq BIOSEQ: lcl|seq_165: raw, na len= 336
ERROR: valid [SEQ_INST.MolNuclAcid] Bioseq.mol is type na BIOSEQ: lcl|seq_166: raw, na len= 336
ERROR: valid [SEQ_DESCR.NoMolInfoFound] No Mol-info applies to this Bioseq BIOSEQ: lcl|seq_166: raw, na len= 336
ERROR: valid [SEQ_INST.MolNuclAcid] Bioseq.mol is type na BIOSEQ: lcl|seq_167: raw, na len= 336
ERROR: valid [SEQ_DESCR.NoMolInfoFound] No Mol-info applies to this Bioseq BIOSEQ: lcl|seq_167: raw, na len= 336
ERROR: valid [SEQ_INST.MolNuclAcid] Bioseq.mol is type na BIOSEQ: lcl|seq_168: raw, na len= 336
ERROR: valid [SEQ_DESCR.NoMolInfoFound] No Mol-info applies to this Bioseq BIOSEQ: lcl|seq_168: raw, na len= 336
ERROR: valid [SEQ_INST.MolNuclAcid] Bioseq.mol is type na BIOSEQ: lcl|seq_169: raw, na len= 336
ERROR: valid [SEQ_DESCR.NoMolInfoFound] No Mol-info applies to this Bioseq BIOSEQ: lcl|seq_169: raw, na len= 336
ERROR: valid [SEQ_INST.MolNuclAcid] Bioseq.mol is type na BIOSEQ: lcl|seq_170: raw, na len= 336
ERROR: valid [SEQ_DESCR.NoMolInfoFound] No Mol-info applies to this Bioseq BIOSEQ: lcl|seq_170: raw, na len= 336
ERROR: valid [SEQ_INST.MolNuclAcid] Bioseq.mol is type na BIOSEQ: lcl|seq_171: raw, na len= 336
ERROR: valid [SEQ_DESCR.NoMolInfoFound] No Mol-info applies to this Bioseq BIOSEQ: lcl|seq_171: raw, na len= 336
ERROR: valid [SEQ_INST.MolNuclAcid] Bioseq.mol is type na BIOSEQ: lcl|seq_172: raw, na len= 336
ERROR: valid [SEQ_DESCR.NoMolInfoFound] No Mol-info applies to this Bioseq BIOSEQ: lcl|seq_172: raw, na len= 336
ERROR: valid [SEQ_INST.MolNuclAcid] Bioseq.mol is type na BIOSEQ: lcl|seq_173: raw, na len= 336
ERROR: valid [SEQ_DESCR.NoMolInfoFound] No Mol-info applies to this Bioseq BIOSEQ: lcl|seq_173: raw, na len= 336
ERROR: valid [SEQ_INST.MolNuclAcid] Bioseq.mol is type na BIOSEQ: lcl|seq_174: raw, na len= 336
ERROR: valid [SEQ_DESCR.NoMolInfoFound] No Mol-info applies to this Bioseq BIOSEQ: lcl|seq_174: raw, na len= 336
ERROR: valid [SEQ_INST.MolNuclAcid] Bioseq.mol is type na BIOSEQ: lcl|seq_175: raw, na len= 336
ERROR: valid [SEQ_DESCR.NoMolInfoFound] No Mol-info applies to this Bioseq BIOSEQ: lcl|seq_175: raw, na len= 336
ERROR: valid [SEQ_INST.MolNuclAcid] Bioseq.mol is type na BIOSEQ: lcl|seq_176: raw, na len= 336
ERROR: valid [SEQ_DESCR.NoMolInfoFound] No Mol-info applies to this Bioseq BIOSEQ: lcl|seq_176: raw, na len= 336
ERROR: valid [SEQ_INST.MolNuclAcid] Bioseq.mol is type na BIOSEQ: lcl|seq_177: raw, na len= 336
ERROR: valid [SEQ_DESCR.NoMolInfoFound] No Mol-info applies to this Bioseq BIOSEQ: lcl|seq_177: raw, na len= 336
ERROR: valid [SEQ_INST.MolNuclAcid] Bioseq.mol is type na BIOSEQ: lcl|seq_178: raw, na len= 336
ERROR: valid [SEQ_DESCR.NoMolInfoFound] No Mol-info applies to this Bioseq BIOSEQ: lcl|seq_178: raw, na len= 336
ERROR: valid [SEQ_INST.MolNuclAcid] Bioseq.mol is type na BIOSEQ: lcl|seq_179: raw, na len= 336
ERROR: valid [SEQ_DESCR.NoMolInfoFound] No Mol-info applies to this Bioseq BIOSEQ: lcl|seq_179: raw, na len= 336
ERROR: valid [SEQ_INST.MolNuclAcid] Bioseq.mol is type na BIOSEQ: lcl|seq_180: raw, na len= 336
ERROR: valid [SEQ_DESCR.NoMolInfoFound] No Mol-info applies to this Bioseq BIOSEQ: lcl|seq_180: raw, na len= 336
ERROR: valid [SEQ_INST.MolNuclAcid] Bioseq.mol is type na BIOSEQ: lcl|seq_181: raw, na len= 336
ERROR: valid [SEQ_DESCR.NoMolInfoFound] No Mol-info applies to this Bioseq BIOSEQ: lcl|seq_181: raw, na len= 336
ERROR: valid [SEQ_INST.MolNuclAcid] Bioseq.mol is type na BIOSEQ: lcl|seq_182: raw, na len= 336
ERROR: valid [SEQ_DESCR.NoMolInfoFound] No Mol-info applies to this Bioseq BIOSEQ: lcl|seq_182: raw, na len= 336
ERROR: valid [SEQ_INST.MolNuclAcid] Bioseq.mol is type na BIOSEQ: lcl|seq_183: raw, na len= 336
ERROR: valid [SEQ_DESCR.NoMolInfoFound] No Mol-info applies to this Bioseq BIOSEQ: lcl|seq_183: raw, na len= 336
ERROR: valid [SEQ_INST.MolNuclAcid] Bioseq.mol is type na BIOSEQ: lcl|seq_184: raw, na len= 336
ERROR: valid [SEQ_DESCR.NoMolInfoFound] No Mol-info applies to this Bioseq BIOSEQ: lcl|seq_184: raw, na len= 336
ERROR: valid [SEQ_INST.MolNuclAcid] Bioseq.mol is type na BIOSEQ: lcl|seq_185: raw, na len= 336
ERROR: valid [SEQ_DESCR.NoMolInfoFound] No Mol-info applies to this Bioseq BIOSEQ: lcl|seq_185: raw, na len= 336
ERROR: valid [SEQ_INST.MolNuclAcid] Bioseq.mol is type na BIOSEQ: lcl|seq_186: raw, na len= 336
ERROR: valid [SEQ_DESCR.NoMolInfoFound] No Mol-info applies to this Bioseq BIOSEQ: lcl|seq_186: raw, na len= 336
ERROR: valid [SEQ_INST.MolNuclAcid] Bioseq.mol is type na BIOSEQ: lcl|seq_187: raw, na len= 336
ERROR: valid [SEQ_DESCR.NoMolInfoFound] No Mol-info applies to this Bioseq BIOSEQ: lcl|seq_187: raw, na len= 336
ERROR: valid [SEQ_INST.MolNuclAcid] Bioseq.mol is type na BIOSEQ: lcl|seq_188: raw, na len= 336
ERROR: valid [SEQ_DESCR.NoMolInfoFound] No Mol-info applies to this Bioseq BIOSEQ: lcl|seq_188: raw, na len= 336
ERROR: valid [SEQ_INST.MolNuclAcid] Bioseq.mol is type na BIOSEQ: lcl|seq_189: raw, na len= 336
ERROR: valid [SEQ_DESCR.NoMolInfoFound] No Mol-info applies to this Bioseq BIOSEQ: lcl|seq_189: raw, na len= 336
ERROR: valid [SEQ_INST.MolNuclAcid] Bioseq.mol is type na BIOSEQ: lcl|seq_190: raw, na len= 336
ERROR: valid [SEQ_DESCR.NoMolInfoFound] No Mol-info applies to this Bioseq BIOSEQ: lcl|seq_190: raw, na len= 336
ERROR: valid [SEQ_INST.MolNuclAcid] Bioseq.mol is type na BIOSEQ: lcl|seq_191: raw, na len= 336
ERROR: valid [SEQ_DESCR.NoMolInfoFound] No Mol-info applies to this Bioseq BIOSEQ: lcl|seq_191: raw, na len= 336
ERROR: valid [SEQ_INST.MolNuclAcid] Bioseq.mol is type na BIOSEQ: lcl|seq_192: raw, na len= 336
ERROR: valid [SEQ_DESCR.NoMolInfoFound] No Mol-info applies to this Bioseq BIOSEQ: lcl|seq_192: raw, na len= 336
ERROR: valid [SEQ_INST.MolNuclAcid] Bioseq.mol is type na BIOSEQ: lcl|seq_193: raw, na len= 336
ERROR: valid [SEQ_DESCR.NoMolInfoFound] No Mol-info applies to this Bioseq BIOSEQ: lcl|seq_193: raw, na len= 336
ERROR: valid [SEQ_INST.MolNuclAcid] Bioseq.mol is type na BIOSEQ: lcl|seq_194: raw, na len= 336
ERROR: valid [SEQ_DESCR.NoMolInfoFound] No Mol-info applies to this Bioseq BIOSEQ: lcl|seq_194: raw, na len= 336
ERROR: valid [SEQ_INST.MolNuclAcid] Bioseq.mol is type na BIOSEQ: lcl|seq_195: raw, na len= 336
ERROR: valid [SEQ_DESCR.NoMolInfoFound] No Mol-info applies to this Bioseq BIOSEQ: lcl|seq_195: raw, na len= 336
ERROR: valid [SEQ_INST.MolNuclAcid] Bioseq.mol is type na BIOSEQ: lcl|seq_196: raw, na len= 336
ERROR: valid [SEQ_DESCR.NoMolInfoFound] No Mol-info applies to this Bioseq BIOSEQ: lcl|seq_196: raw, na len= 336
ERROR: valid [SEQ_INST.MolNuclAcid] Bioseq.mol is type na BIOSEQ: lcl|seq_197: raw, na len= 336
ERROR: valid [SEQ_DESCR.NoMolInfoFound] No Mol-info applies to this Bioseq BIOSEQ: lcl|seq_197: raw, na len= 336
ERROR: valid [SEQ_INST.MolNuclAcid] Bioseq.mol is type na BIOSEQ: lcl|seq_198: raw, na len= 336
ERROR: valid [SEQ_DESCR.NoMolInfoFound] No Mol-info applies to this Bioseq BIOSEQ: lcl|seq_198: raw, na len= 336
ERROR: valid [SEQ_INST.MolNuclAcid] Bioseq.mol is type na BIOSEQ: lcl|seq_199: raw, na len= 336
ERROR: valid [SEQ_DESCR.NoMolInfoFound] No Mol-info applies to this Bioseq BIOSEQ: lcl|seq_199: raw, na len= 336
ERROR: valid [GENERIC.MissingPubInfo] Submission citation has no affiliation DESCRIPTOR: Pub: Bollin,C.J. (11-8-2012)  BIOSEQ-SET: pop-set: seq_1
