wgs-715.sqn
Finished in 0 seconds
Longest processing time 0 seconds on 
Total number of records 1
