Seq-submit ::= {
  sub {
    contact {
      contact {
        name name {
          last "Thomas",
          first "Pam"
        },
        affil std {
          affil "NIH",
          div "NIH Intramural Sequencing Center",
          city "Rockville",
          sub "MD",
          country "USA",
          street "5625 Fishers Lane",
          email "pjthomas@mail.nih.gov",
          fax "",
          phone "404-370-0734",
          postal-code "20852"
        }
      }
    },
    cit {
      authors {
        names std {
          {
            name name {
              last "Segre",
              first "Julie",
              initials "J.",
              suffix ""
            }
          },
          {
            name name {
              last "Mullican",
              first "Jim",
              initials "J.",
              suffix ""
            }
          }
        },
        affil std {
          affil "NIH",
          div "NIH Intramural Sequencing Center",
          city "Rockville",
          sub "MD",
          country "USA",
          street "5625 Fishers Lane",
          postal-code "20852"
        }
      },
      date std {
        year 2014,
        month 2,
        day 1
      }
    },
    subtype new,
    tool "table2asn 1.0.0"
  },
  data entrys {
    seq {
      id {
        local str "optical_map_chr_Acinetobacter baumannii (NIH_C)"
      },
      descr {
        source {
          genome chromosome,
          org {
          }
        },
        molinfo {
          biomol genomic,
          completeness complete
        },
        pub {
          pub {
            pmid 21825119,
            article {
              title {
                name "Genome-wide recombination drives diversification of
 epidemic strains of Acinetobacter baumannii."
              },
              authors {
                names std {
                  {
                    name name {
                      last "Snitkin",
                      first "E",
                      initials "E.S."
                    }
                  },
                  {
                    name name {
                      last "Zelazny",
                      first "A",
                      initials "A.M."
                    }
                  },
                  {
                    name name {
                      last "Montero",
                      first "C",
                      initials "C.I."
                    }
                  },
                  {
                    name name {
                      last "Stock",
                      first "F",
                      initials "F."
                    }
                  },
                  {
                    name name {
                      last "Mijares",
                      first "L",
                      initials "L."
                    }
                  },
                  {
                    name name {
                      last "Murray",
                      first "P",
                      initials "P.R."
                    }
                  },
                  {
                    name name {
                      last "Segre",
                      first "J",
                      initials "J.A."
                    }
                  },
                  {
                    name consortium "NISC Comparative Sequence Program"
                  }
                },
                affil str "Epithelial Biology Section, Genetics and Molecular
 Biology Branch, National Human Genome Research Institute, Bethesda, MD 20892,
 USA."
              },
              from journal {
                title {
                  iso-jta "Proc. Natl. Acad. Sci. U.S.A."
                },
                imp {
                  date std {
                    year 2014,
                    month 2,
                    day 1
                  },
                  volume "108",
                  issue "33",
                  pages "13758-13763",
                  pubstatus ppublish
                }
              },
              ids {
                doi "10.1073/pnas.1104404108",
                pubmed 21825119
              }
            }
          }
        },
        user {
          type str "FileTrack",
          data {
            {
              label str "Map-FileTrackURL",
              num 1,
              data str "http://www.google.com"
            }
          }
        }
      },
      inst {
        repr map,
        mol dna,
        length 3934211,
        topology circular,
        strand ds,
        ext map {
          {
            data rsite str "NcoI",
            location packed-pnt {
              id local str "optical_map_chr_Acinetobacter baumannii (NIH_C)",
              points {
                5608,
                7768,
                14906,
                17142,
                35020,
                37525,
                52514,
                80443,
                84326,
                125125,
                129088,
                133356,
                139071,
                146521,
                153251,
                156209,
                164191,
                167460,
                173911,
                178399,
                196067,
                203714,
                221810,
                223679,
                234751,
                264595,
                270595,
                274314,
                285055,
                297202,
                308658,
                311382,
                315689,
                323315,
                332330,
                334136,
                350064,
                351698,
                357255,
                361921,
                368025,
                391975,
                394305,
                398931,
                400692,
                428757,
                435316,
                436971,
                458047,
                477159,
                479773,
                523055,
                530662,
                563888,
                572867,
                577691,
                591667,
                594053,
                611617,
                614226,
                631419,
                642019,
                656283,
                666280,
                669025,
                678862,
                691110,
                693350,
                710642,
                715479,
                718280,
                723505,
                729829,
                735499,
                737345,
                749950,
                757899,
                769369,
                783683,
                802961,
                807025,
                824668,
                826468,
                836372,
                842211,
                843802,
                852186,
                866555,
                868351,
                874529,
                883425,
                888516,
                895023,
                896642,
                913626,
                917141,
                919007,
                923161,
                928080,
                937834,
                942174,
                953790,
                956313,
                963519,
                969650,
                972232,
                974777,
                978204,
                982355,
                996399,
                998652,
                1012196,
                1024154,
                1043091,
                1081395,
                1087597,
                1092604,
                1096846,
                1108797,
                1117124,
                1140263,
                1142635,
                1151340,
                1158682,
                1163718,
                1186040,
                1193789,
                1204191,
                1211717,
                1217369,
                1220917,
                1226983,
                1234049,
                1235768,
                1249594,
                1259162,
                1262322,
                1280769,
                1297694,
                1301938,
                1306156,
                1315356,
                1324696,
                1328384,
                1331730,
                1338628,
                1345362,
                1355358,
                1363633,
                1378211,
                1391267,
                1396573,
                1416955,
                1451050,
                1452669,
                1464791,
                1474144,
                1475540,
                1483318,
                1489583,
                1510719,
                1516096,
                1530171,
                1536128,
                1541882,
                1544786,
                1547006,
                1568374,
                1573700,
                1594303,
                1599049,
                1605432,
                1609981,
                1612632,
                1619944,
                1640141,
                1643170,
                1650110,
                1652202,
                1655811,
                1657780,
                1676376,
                1684284,
                1688493,
                1695190,
                1698959,
                1709012,
                1722513,
                1724025,
                1732323,
                1736008,
                1739013,
                1742901,
                1750380,
                1754460,
                1757446,
                1773995,
                1778789,
                1789490,
                1791445,
                1797702,
                1803819,
                1807282,
                1808778,
                1816699,
                1825787,
                1836171,
                1839923,
                1843405,
                1858880,
                1863920,
                1871104,
                1882497,
                1885102,
                1890758,
                1922715,
                1929904,
                1935992,
                1938610,
                1949342,
                1951488,
                1956252,
                1963962,
                1984124,
                1997359,
                2011014,
                2021819,
                2024318,
                2030330,
                2079491,
                2085179,
                2088085,
                2089753,
                2123086,
                2140953,
                2143137,
                2148464,
                2150799,
                2161666,
                2163852,
                2167738,
                2175500,
                2176979,
                2181205,
                2191364,
                2193447,
                2208054,
                2211777,
                2217636,
                2220960,
                2222499,
                2250786,
                2259506,
                2261192,
                2264265,
                2276013,
                2282825,
                2287050,
                2301494,
                2315014,
                2327213,
                2330106,
                2340651,
                2343795,
                2348950,
                2356507,
                2365867,
                2367843,
                2381102,
                2389627,
                2408178,
                2417600,
                2426988,
                2445804,
                2471218,
                2478978,
                2482734,
                2490887,
                2496051,
                2519149,
                2526473,
                2529521,
                2539139,
                2545663,
                2557467,
                2561672,
                2563326,
                2571422,
                2594602,
                2598769,
                2602174,
                2621245,
                2627694,
                2630599,
                2632964,
                2639110,
                2643707,
                2674941,
                2681175,
                2689006,
                2691460,
                2716567,
                2719560,
                2732847,
                2745170,
                2756110,
                2758435,
                2771687,
                2786354,
                2806989,
                2812985,
                2818100,
                2826047,
                2830287,
                2832357,
                2837509,
                2855355,
                2875106,
                2883328,
                2885090,
                2889291,
                2891707,
                2898177,
                2904138,
                2918497,
                2923979,
                2937059,
                2943322,
                2952547,
                2966895,
                2971461,
                2975940,
                2980652,
                2989816,
                2999696,
                3005846,
                3014503,
                3029882,
                3036574,
                3047729,
                3056282,
                3075754,
                3078478,
                3100097,
                3119773,
                3150632,
                3164823,
                3168655,
                3179431,
                3182226,
                3187088,
                3192872,
                3200599,
                3208610,
                3221007,
                3233674,
                3237004,
                3239507,
                3248457,
                3253664,
                3270349,
                3273355,
                3275198,
                3295608,
                3297531,
                3301783,
                3304034,
                3307397,
                3310828,
                3322491,
                3330286,
                3342121,
                3347760,
                3362625,
                3368493,
                3370776,
                3373778,
                3377195,
                3384767,
                3389778,
                3394044,
                3413175,
                3424095,
                3442969,
                3445319,
                3451908,
                3457725,
                3464436,
                3466356,
                3480154,
                3486214,
                3488034,
                3493497,
                3508389,
                3526036,
                3532901,
                3542226,
                3548011,
                3555249,
                3573878,
                3579904,
                3589714,
                3591487,
                3598222,
                3616272,
                3622437,
                3632916,
                3636643,
                3639988,
                3644447,
                3650909,
                3654382,
                3666341,
                3668186,
                3677754,
                3685568,
                3687970,
                3698014,
                3701529,
                3710841,
                3718693,
                3720752,
                3731104,
                3764077,
                3770321,
                3774315,
                3780846,
                3784006,
                3794642,
                3801584,
                3803201,
                3816342,
                3829621,
                3832352,
                3840521,
                3851176,
                3864468,
                3867635,
                3871096,
                3880119,
                3888364,
                3900574,
                3905344,
                3908916,
                3917943,
                3934210
              }
            }
          }
        }
      }
    }
  }
}
                Warning:
Problem:        General parsing error
Line:           0
FeatureName:    No chromosome name found in RESTRICTION_MAP - ID 'Acinetobacter baumannii (NIH_C)' was used


