Seq-submit ::= {
  sub {
    contact {
      contact {
        name name {
          last "Thomas",
          first "Pam"
        },
        affil std {
          affil "NIH",
          div "NIH Intramural Sequencing Center",
          city "Rockville",
          sub "MD",
          country "USA",
          street "5625 Fishers Lane",
          email "pjthomas@mail.nih.gov",
          fax "",
          phone "404-370-0734",
          postal-code "20852"
        }
      }
    },
    cit {
      authors {
        names std {
          {
            name name {
              last "Segre",
              first "Julie",
              initials "J.",
              suffix ""
            }
          },
          {
            name name {
              last "Mullican",
              first "Jim",
              initials "J.",
              suffix ""
            }
          }
        },
        affil std {
          affil "NIH",
          div "NIH Intramural Sequencing Center",
          city "Rockville",
          sub "MD",
          country "USA",
          street "5625 Fishers Lane",
          postal-code "20852"
        }
      },
      date std {
        year 2014,
        month 11,
        day 18
      }
    },
    subtype new,
    tool "table2asn 1.0.0"
  },
  data entrys {
    seq {
      id {
        local str "optical_map_chr_Staphylococcus epidermidis (LM127)"
      },
      descr {
        source {
          genome chromosome,
          org {
          }
        },
        molinfo {
          biomol genomic,
          completeness complete
        },
        pub {
          pub {
            article {
              title {
                name "Genome-wide recombination drives diversification of
 epidemic strains of Acinetobacter baumannii."
              },
              authors {
                names std {
                  {
                    name name {
                      last "Snitkin",
                      first "E",
                      initials "E.S."
                    }
                  },
                  {
                    name name {
                      last "Zelazny",
                      first "A",
                      initials "A.M."
                    }
                  },
                  {
                    name name {
                      last "Montero",
                      first "C",
                      initials "C.I."
                    }
                  },
                  {
                    name name {
                      last "Stock",
                      first "F",
                      initials "F."
                    }
                  },
                  {
                    name name {
                      last "Mijares",
                      first "L",
                      initials "L."
                    }
                  },
                  {
                    name name {
                      last "Murray",
                      first "P",
                      initials "P.R."
                    }
                  },
                  {
                    name name {
                      last "Segre",
                      first "J",
                      initials "J.A."
                    }
                  },
                  {
                    name consortium "NISC Comparative Sequence Program"
                  }
                },
                affil str "Epithelial Biology Section, Genetics and Molecular
 Biology Branch, National Human Genome Research Institute, Bethesda, MD 20892,
 USA."
              },
              from journal {
                title {
                  iso-jta "Proc. Natl. Acad. Sci. U.S.A."
                },
                imp {
                  date std {
                    year 2011,
                    month 8,
                    day 16
                  },
                  volume "108",
                  issue "33",
                  pages "13758-13763",
                  pubstatus ppublish
                }
              },
              ids {
                doi "10.1073/pnas.1104404108",
                pubmed 21825119
              }
            },
            pmid 21825119
          }
        },
        user {
          type str "FileTrack",
          data {
            {
              label str "Map-FileTrackURL",
              num 1,
              data str "http://www.google.com"
            }
          }
        }
      },
      inst {
        repr map,
        mol dna,
        length 2759140,
        topology circular,
        strand ds,
        ext map {
          {
            data rsite str "AflII",
            location packed-pnt {
              id local str "optical_map_chr_Staphylococcus epidermidis (LM127)",
              points {
                3679,
                5402,
                16273,
                21012,
                36572,
                39290,
                48860,
                56184,
                62948,
                67012,
                79359,
                91163,
                96117,
                99566,
                117838,
                127740,
                129991,
                132284,
                139914,
                151418,
                155054,
                166314,
                169331,
                171436,
                179026,
                183291,
                185742,
                188384,
                193873,
                208135,
                211498,
                213108,
                217125,
                245579,
                248282,
                260878,
                271737,
                282234,
                285607,
                293435,
                304647,
                307521,
                311834,
                337679,
                340524,
                350810,
                354189,
                366263,
                369211,
                378390,
                390194,
                394769,
                401669,
                407039,
                411583,
                414468,
                421348,
                424970,
                430436,
                437029,
                440578,
                446310,
                453011,
                461954,
                465912,
                468283,
                471212,
                480729,
                484226,
                487162,
                507040,
                512545,
                520421,
                524484,
                532591,
                534613,
                537840,
                540924,
                544814,
                549349,
                552324,
                557848,
                564999,
                569993,
                588342,
                593792,
                595676,
                599490,
                612732,
                647816,
                653334,
                704380,
                712953,
                716526,
                720871,
                726479,
                736070,
                740504,
                743440,
                746985,
                757053,
                778576,
                789545,
                802754,
                821920,
                827209,
                832847,
                839695,
                843026,
                849918,
                860390,
                863845,
                866496,
                886492,
                894211,
                900645,
                902634,
                909010,
                918850,
                922723,
                942761,
                947657,
                953004,
                955108,
                962432,
                970921,
                988924,
                1003599,
                1015182,
                1017038,
                1033719,
                1036536,
                1054034,
                1056462,
                1099472,
                1103411,
                1109650,
                1113361,
                1115915,
                1122499,
                1126053,
                1129549,
                1142416,
                1147136,
                1158569,
                1167675,
                1185397,
                1194413,
                1219022,
                1223048,
                1228928,
                1234774,
                1239344,
                1252617,
                1261326,
                1267042,
                1274911,
                1277313,
                1287984,
                1297489,
                1300043,
                1305030,
                1309812,
                1312363,
                1321789,
                1327017,
                1330636,
                1350279,
                1355385,
                1365009,
                1370981,
                1376380,
                1382521,
                1390017,
                1405972,
                1413316,
                1416100,
                1420472,
                1425147,
                1428783,
                1436553,
                1447562,
                1451849,
                1454780,
                1466946,
                1471873,
                1479785,
                1496261,
                1501299,
                1517860,
                1524081,
                1530823,
                1533754,
                1536255,
                1552452,
                1557134,
                1572290,
                1574692,
                1583799,
                1585549,
                1597262,
                1603637,
                1605692,
                1610003,
                1613994,
                1616562,
                1619003,
                1624387,
                1627571,
                1638604,
                1652435,
                1654722,
                1656605,
                1663155,
                1673332,
                1675806,
                1680368,
                1682399,
                1691435,
                1704622,
                1714328,
                1728569,
                1749209,
                1758793,
                1761449,
                1807543,
                1858015,
                1896248,
                1907417,
                1909917,
                1916515,
                1920759,
                1940335,
                1943220,
                1946634,
                1961557,
                1964347,
                1971821,
                1983164,
                1989582,
                2005043,
                2011896,
                2028290,
                2038045,
                2051788,
                2058610,
                2064175,
                2079380,
                2084503,
                2099089,
                2113427,
                2120515,
                2126870,
                2134474,
                2150929,
                2162280,
                2165809,
                2168246,
                2175921,
                2198535,
                2201424,
                2216318,
                2219147,
                2228001,
                2231304,
                2244498,
                2247183,
                2256949,
                2260570,
                2263655,
                2267570,
                2280750,
                2283020,
                2288110,
                2290201,
                2312007,
                2316702,
                2323982,
                2357266,
                2368218,
                2380600,
                2388398,
                2394205,
                2397393,
                2416420,
                2424496,
                2427802,
                2434652,
                2459871,
                2468840,
                2474025,
                2476400,
                2490609,
                2492493,
                2497016,
                2499244,
                2507446,
                2509829,
                2519921,
                2523571,
                2528565,
                2535127,
                2539331,
                2542330,
                2548137,
                2567520,
                2571547,
                2579147,
                2582002,
                2584042,
                2598780,
                2608859,
                2612147,
                2617483,
                2645223,
                2647590,
                2657151,
                2665804,
                2675586,
                2680706,
                2692434,
                2703645,
                2705484,
                2722277,
                2725497,
                2728627,
                2730781,
                2734205,
                2737109,
                2749713,
                2751980,
                2759139
              }
            }
          }
        }
      }
    }
  }
}
                Warning:
Problem:        General parsing error
Line:           0
FeatureName:    No chromosome name found in RESTRICTION_MAP - ID 'Staphylococcus epidermidis (LM127)' was used


