Seq-submit ::= {
  sub {
    contact {
      contact {
        name name {
          last "Thomas",
          first "Pam"
        },
        affil std {
          affil "NIH",
          div "NIH Intramural Sequencing Center",
          city "Rockville",
          sub "MD",
          country "USA",
          street "5625 Fishers Lane",
          email "pjthomas@mail.nih.gov",
          fax "",
          phone "404-370-0734",
          postal-code "20852"
        }
      }
    },
    cit {
      authors {
        names std {
          {
            name name {
              last "Segre",
              first "Julie",
              initials "J.",
              suffix ""
            }
          },
          {
            name name {
              last "Mullican",
              first "Jim",
              initials "J.",
              suffix ""
            }
          }
        },
        affil std {
          affil "NIH",
          div "NIH Intramural Sequencing Center",
          city "Rockville",
          sub "MD",
          country "USA",
          street "5625 Fishers Lane",
          postal-code "20852"
        }
      },
      date std {
        year 2014,
        month 2,
        day 1
      }
    },
    subtype new,
    tool "table2asn 1.0.0"
  },
  data entrys {
    seq {
      id {
        local str "optical_map_chr_Staphylococcus epidermidis (LM129)"
      },
      descr {
        source {
          genome chromosome,
          org {
          }
        },
        molinfo {
          biomol genomic,
          completeness complete
        },
        pub {
          pub {
            article {
              title {
                name "Genome-wide recombination drives diversification of
 epidemic strains of Acinetobacter baumannii."
              },
              authors {
                names std {
                  {
                    name name {
                      last "Snitkin",
                      first "E",
                      initials "E.S."
                    }
                  },
                  {
                    name name {
                      last "Zelazny",
                      first "A",
                      initials "A.M."
                    }
                  },
                  {
                    name name {
                      last "Montero",
                      first "C",
                      initials "C.I."
                    }
                  },
                  {
                    name name {
                      last "Stock",
                      first "F",
                      initials "F."
                    }
                  },
                  {
                    name name {
                      last "Mijares",
                      first "L",
                      initials "L."
                    }
                  },
                  {
                    name name {
                      last "Murray",
                      first "P",
                      initials "P.R."
                    }
                  },
                  {
                    name name {
                      last "Segre",
                      first "J",
                      initials "J.A."
                    }
                  },
                  {
                    name consortium "NISC Comparative Sequence Program"
                  }
                },
                affil str "Epithelial Biology Section, Genetics and Molecular
 Biology Branch, National Human Genome Research Institute, Bethesda, MD 20892,
 USA."
              },
              from journal {
                title {
                  iso-jta "Proc. Natl. Acad. Sci. U.S.A."
                },
                imp {
                  date std {
                    year 2011,
                    month 8,
                    day 16
                  },
                  volume "108",
                  issue "33",
                  pages "13758-13763",
                  pubstatus ppublish
                }
              },
              ids {
                doi "10.1073/pnas.1104404108",
                pubmed 21825119
              }
            },
            pmid 21825119
          }
        },
        user {
          type str "FileTrack",
          data {
            {
              label str "Map-FileTrackURL",
              num 1,
              data str "http://www.google.com"
            }
          }
        }
      },
      inst {
        repr map,
        mol dna,
        length 2544635,
        topology circular,
        strand ds,
        ext map {
          {
            data rsite str "AflII",
            location packed-pnt {
              id local str "optical_map_chr_Staphylococcus epidermidis (LM129)",
              points {
                1926,
                9543,
                21329,
                34673,
                38502,
                49553,
                58334,
                59916,
                69935,
                73077,
                76098,
                78537,
                84754,
                98635,
                102071,
                106961,
                129112,
                135935,
                138281,
                141668,
                150504,
                154255,
                156183,
                165325,
                167534,
                177781,
                181095,
                187843,
                189749,
                200725,
                203389,
                207801,
                233866,
                236824,
                247047,
                277135,
                281419,
                290634,
                302482,
                305545,
                314616,
                326320,
                330980,
                337637,
                343336,
                347978,
                350521,
                357481,
                361034,
                366254,
                372750,
                376014,
                380984,
                383431,
                389320,
                397612,
                399476,
                403141,
                405244,
                407638,
                415460,
                418515,
                422173,
                441673,
                447285,
                455591,
                465440,
                467784,
                470963,
                473070,
                476268,
                481070,
                483863,
                487435,
                491322,
                497262,
                515779,
                521864,
                525975,
                541653,
                576430,
                583445,
                641111,
                662732,
                674282,
                687900,
                706623,
                711611,
                717276,
                724229,
                727371,
                733724,
                743872,
                747063,
                769388,
                776932,
                782803,
                784548,
                791366,
                801882,
                805545,
                824876,
                829888,
                836203,
                843839,
                852323,
                869863,
                884680,
                895748,
                897861,
                920192,
                947459,
                951465,
                959323,
                962893,
                964922,
                971058,
                974577,
                978368,
                991274,
                995946,
                1007064,
                1016125,
                1034650,
                1036767,
                1039270,
                1064039,
                1068146,
                1074085,
                1079938,
                1084249,
                1097655,
                1106159,
                1108798,
                1112436,
                1120660,
                1122935,
                1133754,
                1143518,
                1146144,
                1150856,
                1154784,
                1157162,
                1166631,
                1172054,
                1175661,
                1194599,
                1199967,
                1209487,
                1215495,
                1220859,
                1226865,
                1234706,
                1250663,
                1258176,
                1261085,
                1265425,
                1270651,
                1273443,
                1280657,
                1291817,
                1295878,
                1298853,
                1311364,
                1316517,
                1324357,
                1340646,
                1345533,
                1362425,
                1368659,
                1375459,
                1378826,
                1395767,
                1400365,
                1414195,
                1416658,
                1430017,
                1433627,
                1436598,
                1455727,
                1462166,
                1467789,
                1469589,
                1481134,
                1487733,
                1490220,
                1492417,
                1496554,
                1499445,
                1507498,
                1517634,
                1520970,
                1526187,
                1535556,
                1548642,
                1558398,
                1584093,
                1593150,
                1595442,
                1613480,
                1615837,
                1622112,
                1626209,
                1645533,
                1648519,
                1651625,
                1666309,
                1668905,
                1675881,
                1687053,
                1693599,
                1708561,
                1715154,
                1717122,
                1731915,
                1741580,
                1755185,
                1761952,
                1785390,
                1799985,
                1814544,
                1821537,
                1828246,
                1835897,
                1852167,
                1863296,
                1866375,
                1868395,
                1876048,
                1883158,
                1897073,
                1899963,
                1915577,
                1918263,
                1923794,
                1927895,
                1930837,
                1943819,
                1946492,
                1956519,
                1960276,
                1962777,
                1967068,
                1981748,
                1984822,
                1987971,
                1989968,
                2011389,
                2016008,
                2023230,
                2056675,
                2067575,
                2079985,
                2087762,
                2093551,
                2096438,
                2115681,
                2123811,
                2127053,
                2133641,
                2158686,
                2167479,
                2172620,
                2174690,
                2188902,
                2190695,
                2194873,
                2197107,
                2205010,
                2207162,
                2209448,
                2221973,
                2228728,
                2235195,
                2242128,
                2245176,
                2248074,
                2266853,
                2271365,
                2278335,
                2282019,
                2284376,
                2298855,
                2308980,
                2312439,
                2314832,
                2318388,
                2343915,
                2346212,
                2355647,
                2364102,
                2366480,
                2368811,
                2400170,
                2405484,
                2436604,
                2440278,
                2443640,
                2453940,
                2470972,
                2474932,
                2480655,
                2483323,
                2485615,
                2488826,
                2493033,
                2495462,
                2507673,
                2510165,
                2517409,
                2520890,
                2522613,
                2532969,
                2542176,
                2544634
              }
            }
          }
        }
      }
    }
  }
}
                Warning:
Problem:        General parsing error
Line:           0
FeatureName:    No chromosome name found in RESTRICTION_MAP - ID 'Staphylococcus epidermidis (LM129)' was used


