                Error:
Problem:        CFastaReader: Near line 7723, there's a line that doesn't look like plausible data, but it's not marked as defline or comment.
SeqId:          lcl|Contig_
Line:           7723


                Error:
Problem:        CFastaReader: There are invalid residue(s) in input sequence
SeqId:          lcl|Contig_
Line:           7723


