Seq-entry ::= set {
  class genbank,
  seq-set {
    seq {
      id {
        local str "ctg7180000000537"
      },
      descr {
        source {
          org {
            taxname "Lacinutrix jangbogonensis",
            orgname {
              mod {
                {
                  subtype strain,
                  subname "PAMC 27137"
                }
              }
            }
          },
          subtype {
            {
              subtype isolation-source,
              name "Marine sediment"
            }
          }
        },
        molinfo {
          biomol genomic,
          tech targeted
        },
        comment "SQD-3601",
        create-date std {
          year 2014,
          month 2,
          day 1
        }
      },
      inst {
        repr raw,
        mol dna,
        length 1067,
        seq-data ncbi2na 'F791C10EBEBBFAEAA3FC71F32A7FCAF4900AFC881D3D0DBFBFAC
BFE71C326FFEFEA740B1CB017FC0AFF420A08FEF41F00C2E39C000C82006F8EB360FEEB9420360
3427FAF3D38FFF37A09FD8BEBAE3CD4F3E8C0B9200200E3B1ADBFCF0501A3323880200B2FBCFDE
080CCC041DFE00238A238C860C4C49F0E8383FC0BEFACEFE0127AE604EA541218CE4CF5BDDC5FD
240CC433AB8033EBFCE38F16B0148B78CFBD03E092390070FF0A0FE040B515E08C36E7FE92FF07
CA008BF942FC42FFF34A4E43F704EBFB2B3641FC3E4AECFE43E80CFF3C3C4B0080810088FA2E65
B9FCAE4117F603002903ECBE292CFCF10FF24A7EFE83CC2E9AFA33C3E7F232E5FE8A2AA2296FF2
D0AEEB69B77428'H
      }
    },
    seq {
      id {
        local str "ctg7180000000539"
      },
      descr {
        source {
          org {
            taxname "Lacinutrix jangbogonensis",
            orgname {
              mod {
                {
                  subtype strain,
                  subname "PAMC 27137"
                }
              }
            }
          },
          subtype {
            {
              subtype isolation-source,
              name "Marine sediment"
            }
          }
        },
        molinfo {
          biomol genomic,
          tech targeted
        },
        comment "SQD-3601",
        create-date std {
          year 2014,
          month 2,
          day 1
        }
      },
      inst {
        repr raw,
        mol dna,
        length 1005,
        seq-data ncbi2na 'FEB4CFC8FE9F0CDE8FB03A77BFF035D4C3C02766431432550E93
725CDE4DFA107EC3DC08BC026FEFFD433C81C0233BFF0C3A73C4EA43C4820D04DF6FF42019DE97
F7EB504B34DD4DB80FC73790CD3A2409170A41CFDECFC49F45FC8C82CA4BCFB011BD0CE01436ED
45F493490BDFFF1033FEB27DCF02CEBF04C730FF92BD054FC0F8C20FF7A0DF4F7B79CC6C13DF8E
B0FD3C2C34627FF49F4DEF297B8FF373F541BF2F2FDD08337330DC082CCC450C6FB92CF20077D8
012050FE17523DDF000E25A4FB0FFEFD34CC3806704D37A7E8DC4900319DC40F6733938EBB74FD
B552430FF113FC843EFCF97FEFF909F24118F2DBAEEB69B7742A444AAAA8C0'H
      }
    }
  }
}
