Seq-entry ::= set {
  class genbank,
  seq-set {
    seq {
      id {
        local str "Seq1"
      },
      descr {
        source {
          org {
            taxname "homo sapiens",
            orgname {
              mod {
                {
                  subtype strain,
                  subname "andromeda"
                },
                {
                  subtype nat-host,
                  subname "ia io"
                },
                {
                  subtype isolate,
                  subname "a1"
                }
              }
            }
          },
          subtype {
            {
              subtype clone,
              name "abc"
            }
          }
        },
        molinfo {
          biomol genomic
        },
        create-date std {
          year 2014,
          month 2,
          day 1
        }
      },
      inst {
        repr raw,
        mol dna,
        length 300,
        seq-data ncbi2na '1B1B1B1B1B1B1B1B1B1B1B1B1B1B1B1B1B1B1B1B1B1B1B1B1B1B
1B1B1B1B1B1B1B1B1B1B1B1B1B1B1B1B1B1B1B1B1B1B1B1B1B1B1B1B1B1B1B1B1B1B1B1B1B1B1B
1B1B1B1B1B1B1B1B1B1B'H
      }
    },
    seq {
      id {
        local str "Seq2"
      },
      descr {
        source {
          org {
            taxname "ia io",
            orgname {
              mod {
                {
                  subtype strain,
                  subname "andromeda"
                },
                {
                  subtype nat-host,
                  subname "ia io"
                },
                {
                  subtype isolate,
                  subname "a2"
                }
              }
            }
          },
          subtype {
            {
              subtype clone,
              name "efg"
            }
          }
        },
        molinfo {
          biomol genomic
        },
        create-date std {
          year 2014,
          month 2,
          day 1
        }
      },
      inst {
        repr raw,
        mol dna,
        length 300,
        seq-data ncbi2na '1B1B1B1B1B1B1B1B1B1B1B1B1B1B1B1B1B1B1B1B1B1B1B1B1B1B
1B1B1B1B1B1B1B1B1B1B1B1B1B1B1B1B1B1B1B1B1B1B1B1B1B1B1B1B1B1B1B1B1B1B1B1B1B1B1B
1B1B1B1B1B1B1B1B1B1B'H
      }
    },
    seq {
      id {
        local str "Seq3"
      },
      descr {
        source {
          org {
            taxname "rickettsia bellii",
            orgname {
              mod {
                {
                  subtype strain,
                  subname "andromeda"
                },
                {
                  subtype nat-host,
                  subname "ia io"
                },
                {
                  subtype isolate,
                  subname "a3"
                }
              }
            }
          },
          subtype {
            {
              subtype clone,
              name "hij"
            }
          }
        },
        molinfo {
          biomol genomic
        },
        create-date std {
          year 2014,
          month 2,
          day 1
        }
      },
      inst {
        repr raw,
        mol dna,
        length 300,
        seq-data ncbi2na '1B1B1B1B1B1B1B1B1B1B1B1B1B1B1B1B1B1B1B1B1B1B1B1B1B1B
1B1B1B1B1B1B1B1B1B1B1B1B1B1B1B1B1B1B1B1B1B1B1B1B1B1B1B1B1B1B1B1B1B1B1B1B1B1B1B
1B1B1B1B1B1B1B1B1B1B'H
      }
    },
    seq {
      id {
        local str "Seq4"
      },
      descr {
        source {
          org {
            taxname "rickettsia bellii",
            orgname {
              mod {
                {
                  subtype strain,
                  subname "andromeda"
                },
                {
                  subtype nat-host,
                  subname "ia io"
                },
                {
                  subtype isolate,
                  subname "a4"
                }
              }
            }
          },
          subtype {
            {
              subtype clone,
              name "klm"
            }
          }
        },
        molinfo {
          biomol genomic
        },
        create-date std {
          year 2014,
          month 2,
          day 1
        }
      },
      inst {
        repr raw,
        mol dna,
        length 300,
        seq-data ncbi2na '1B1B1B1B1B1B1B1B1B1B1B1B1B1B1B1B1B1B1B1B1B1B1B1B1B1B
1B1B1B1B1B1B1B1B1B1B1B1B1B1B1B1B1B1B1B1B1B1B1B1B1B1B1B1B1B1B1B1B1B1B1B1B1B1B1B
1B1B1B1B1B1B1B1B1B1B'H
      }
    },
    seq {
      id {
        local str "Seq5"
      },
      descr {
        source {
          org {
            taxname "escherichia coli",
            orgname {
              mod {
                {
                  subtype strain,
                  subname "andromeda"
                },
                {
                  subtype nat-host,
                  subname "ia io"
                },
                {
                  subtype isolate,
                  subname "a5"
                }
              }
            }
          },
          subtype {
            {
              subtype clone,
              name "nop"
            }
          }
        },
        molinfo {
          biomol genomic
        },
        create-date std {
          year 2014,
          month 2,
          day 1
        }
      },
      inst {
        repr raw,
        mol dna,
        length 300,
        seq-data ncbi2na '1B1B1B1B1B1B1B1B1B1B1B1B1B1B1B1B1B1B1B1B1B1B1B1B1B1B
1B1B1B1B1B1B1B1B1B1B1B1B1B1B1B1B1B1B1B1B1B1B1B1B1B1B1B1B1B1B1B1B1B1B1B1B1B1B1B
1B1B1B1B1B1B1B1B1B1B'H
      }
    },
    seq {
      id {
        local str "Seq6"
      },
      descr {
        source {
          org {
            taxname "escherichia coli",
            orgname {
              mod {
                {
                  subtype strain,
                  subname "andromeda"
                },
                {
                  subtype nat-host,
                  subname "ia io"
                },
                {
                  subtype isolate,
                  subname "a6"
                }
              }
            }
          },
          subtype {
            {
              subtype clone,
              name "qrs"
            }
          }
        },
        molinfo {
          biomol genomic
        },
        create-date std {
          year 2014,
          month 2,
          day 1
        }
      },
      inst {
        repr raw,
        mol dna,
        length 300,
        seq-data ncbi2na '1B1B1B1B1B1B1B1B1B1B1B1B1B1B1B1B1B1B1B1B1B1B1B1B1B1B
1B1B1B1B1B1B1B1B1B1B1B1B1B1B1B1B1B1B1B1B1B1B1B1B1B1B1B1B1B1B1B1B1B1B1B1B1B1B1B
1B1B1B1B1B1B1B1B1B1B'H
      }
    },
    seq {
      id {
        local str "Seq7"
      },
      descr {
        source {
          org {
            taxname "uncultured bacterium",
            orgname {
              mod {
                {
                  subtype strain,
                  subname "andromeda"
                },
                {
                  subtype nat-host,
                  subname "ia io"
                },
                {
                  subtype isolate,
                  subname "a7"
                }
              }
            }
          },
          subtype {
            {
              subtype clone,
              name "tuv"
            }
          }
        },
        molinfo {
          biomol genomic
        },
        create-date std {
          year 2014,
          month 2,
          day 1
        }
      },
      inst {
        repr raw,
        mol dna,
        length 300,
        seq-data ncbi2na '1B1B1B1B1B1B1B1B1B1B1B1B1B1B1B1B1B1B1B1B1B1B1B1B1B1B
1B1B1B1B1B1B1B1B1B1B1B1B1B1B1B1B1B1B1B1B1B1B1B1B1B1B1B1B1B1B1B1B1B1B1B1B1B1B1B
1B1B1B1B1B1B1B1B1B1B'H
      }
    }
  }
}
