
3:nucleomorph <<<SPACE!chromosome 2	1	180915	1	W	NC_002753.1	1	180915	+
	WARNING: space in object name nucleomorph chromosome 2
	WARNING: all objects are singletons with component_beg=1

No errors, 2 warnings.
  Count Code  Description
      1  w53  space in object name 
      1  w65  all objects are singletons with component_beg=1


Objects                : 3
- with single component: 3

Scaffolds              : 3
- with single component: 3

Components                   : 3 (W)
  orientation +              : 3
  orientation -              : 0
  orientation ? (formerly 0) : 0
  orientation na             : 0

Gaps                   : 0

Object names              :  3
  [1,3]                   :  2
  nucleomorph chromosome 2:  1

Component names        :  3
  NC_[002751..002753].1:  3
