Seq-entry ::= seq {
  id {
    genbank {
      accession "ABFA01000736",
      version 1
    },
    general {
      db "WGS:ABFA",
      tag str "contig00494"
    },
    gi 259158184
  },
  descr {
    source {
      genome genomic,
      org {
        taxname "Staphylococcus aureus 930918-3",
        db {
          {
            db "taxon",
            tag id 452948
          }
        },
        orgname {
          name binomial {
            genus "Staphylococcus",
            species "aureus"
          },
          mod {
            {
              subtype strain,
              subname "930918-3"
            }
          },
          lineage "Bacteria; Firmicutes; Bacilli; Bacillales;
 Staphylococcaceae; Staphylococcus",
          gcode 11,
          div "BCT"
        }
      }
    },
    molinfo {
      biomol genomic,
      tech wgs
    },
    pub {
      pub {
        sub {
          authors {
            names std {
              {
                name name {
                  last "Sivaraman",
                  first "Karthikeyan",
                  initials "K."
                }
              },
              {
                name name {
                  last "Venkataraman",
                  first "Nitya",
                  initials "N."
                }
              },
              {
                name name {
                  last "Tsai",
                  first "Jennifer",
                  initials "J."
                }
              },
              {
                name name {
                  last "Dewell",
                  first "Scott",
                  initials "S."
                }
              },
              {
                name name {
                  last "Cole",
                  first "Alexander",
                  initials "A.M."
                }
              }
            },
            affil std {
              affil "Univeristy of Central Florida",
              div "Burnett College of Biomedical Sciences",
              city "Orlando",
              sub "FL",
              country "USA",
              street "4000 Central Florida Blvd",
              postal-code "32826"
            }
          },
          date std {
            year 2007,
            month 7,
            day 24
          }
        }
      }
    },
    pub {
      pub {
        pmid 18808706,
        article {
          title {
            name "Genome sequencing and analysis reveals possible determinants
 of Staphylococcus aureus nasal carriage."
          },
          authors {
            names std {
              {
                name name {
                  last "Sivaraman",
                  initials "K."
                }
              },
              {
                name name {
                  last "Venkataraman",
                  initials "N."
                }
              },
              {
                name name {
                  last "Tsai",
                  initials "J."
                }
              },
              {
                name name {
                  last "Dewell",
                  initials "S."
                }
              },
              {
                name name {
                  last "Cole",
                  initials "A.M."
                }
              }
            },
            affil str "Department of Molecular Biology & Microbiology,
 Biomolecular Science Center, Burnett School of Biomedical Sciences, College
 of Medicine, University of Central Florida, Orlando, USA.
 ksivaram@mail.ucf.edu"
          },
          from journal {
            title {
              iso-jta "BMC Genomics",
              ml-jta "BMC Genomics",
              issn "1471-2164",
              name "BMC genomics"
            },
            imp {
              date std {
                year 2008
              },
              volume "9",
              pages "433",
              language "eng",
              pubstatus epublish,
              history {
                {
                  pubstatus received,
                  date std {
                    year 2008,
                    month 4,
                    day 25
                  }
                },
                {
                  pubstatus accepted,
                  date std {
                    year 2008,
                    month 9,
                    day 22
                  }
                },
                {
                  pubstatus aheadofprint,
                  date std {
                    year 2008,
                    month 9,
                    day 22
                  }
                },
                {
                  pubstatus pubmed,
                  date std {
                    year 2008,
                    month 9,
                    day 24,
                    hour 9,
                    minute 0
                  }
                },
                {
                  pubstatus medline,
                  date std {
                    year 2008,
                    month 10,
                    day 23,
                    hour 9,
                    minute 0
                  }
                },
                {
                  pubstatus other,
                  date std {
                    year 2008,
                    month 9,
                    day 24,
                    hour 9,
                    minute 0
                  }
                }
              }
            }
          },
          ids {
            pii "1471-2164-9-433",
            doi "10.1186/1471-2164-9-433",
            pubmed 18808706,
            other {
              db "pmc",
              tag str "PMC2566312"
            },
            other {
              db "ELocationID doi",
              tag str "10.1186/1471-2164-9-433"
            }
          }
        }
      }
    },
    user {
      type str "WGSProjects",
      data {
        {
          label str "WGS_accession_first",
          data str "ABFA01000001"
        },
        {
          label str "WGS_accession_last",
          data str "ABFA01000736"
        }
      }
    },
    user {
      type str "DBLink",
      data {
        {
          label str "BioProject",
          num 1,
          data strs {
            "PRJNA20007"
          }
        },
        {
          label str "BioSample",
          num 1,
          data strs {
            "SAMN02471355"
          }
        }
      }
    },
    create-date std {
      year 2009,
      month 9,
      day 24
    },
    update-date std {
      year 2009,
      month 9,
      day 24
    }
  },
  inst {
    repr raw,
    mol dna,
    length 88,
    seq-data ncbi2na '5243FB3C0977E2CCF8CB93630413E38A64831844E640'H
  }
}
end-of-file
