Seq-entry ::= set {
  class nuc-prot,
  descr {
    source {
      genome genomic,
      org {
        taxname "Streptococcus pneumoniae BS458",
        db {
          {
            db "taxon",
            tag id 512769
          }
        },
        orgname {
          name binomial {
            genus "Streptococcus",
            species "pneumoniae"
          },
          mod {
            {
              subtype strain,
              subname "BS458"
            }
          },
          lineage "Bacteria; Firmicutes; Bacilli; Lactobacillales;
 Streptococcaceae; Streptococcus",
          gcode 11,
          div "BCT"
        }
      }
    },
    pub {
      pub {
        sub {
          authors {
            names std {
              {
                name name {
                  last "Ehrlich",
                  first "Garth",
                  initials "G.D."
                }
              }
            },
            affil std {
              affil "Allegheny-Singer Research Institute",
              div "Center for Genomic Sciences",
              city "Pittsburgh",
              sub "PA",
              country "USA",
              street "320 E. North Ave. 11th Floor",
              email "gehrlich@wpahs.org",
              fax "412-359-6995",
              phone "412-359-4228",
              postal-code "15212-4772"
            }
          },
          medium other,
          date std {
            year 2008,
            month 6,
            day 21
          }
        }
      }
    },
    user {
      type str "DBLink",
      data {
        {
          label str "BioProject",
          num 1,
          data strs {
            "PRJNA29069"
          }
        },
        {
          label str "BioSample",
          num 1,
          data strs {
            "SAMN02393765"
          }
        }
      }
    },
    user {
      type str "NcbiCleanup",
      data {
        {
          label str "method",
          data str "ExtendedSeqEntryCleanup"
        },
        {
          label str "version",
          data int 1
        },
        {
          label str "month",
          data int 4
        },
        {
          label str "day",
          data int 15
        },
        {
          label str "year",
          data int 2016
        }
      }
    }
  },
  seq-set {
    seq {
      id {
        genbank {
          accession "ABWA01000109",
          version 1
        },
        general {
          db "WGS:ABWA",
          tag str "ctg00048"
        },
        gi 302640335
      },
      descr {
        molinfo {
          biomol genomic,
          tech wgs
        },
        comment "Annotation was added by the NCBI Prokaryotic Genomes
 Automatic Annotation Pipeline Group.  Information about the Pipeline can be
 found here: http://www.ncbi.nlm.nih.gov/genomes/static/Pipeline.html. Please
 be aware that the annotation is done automatically with little or no manual
 curation.",
        user {
          type str "WGSProjects",
          data {
            {
              label str "WGS_accession_first",
              data str "ABWA01000001"
            },
            {
              label str "WGS_accession_last",
              data str "ABWA01000109"
            }
          }
        },
        create-date std {
          year 2010,
          month 8,
          day 12
        },
        update-date std {
          year 2010,
          month 8,
          day 12
        }
      },
      inst {
        repr raw,
        mol dna,
        length 507,
        seq-data ncbi2na 'AA00C033F8093E307CFE33CC8EB8CAA400F35C0D238BEFCB8A2C
7BF3FF031020EF1C0068FF4F6310243F3470040A303C7D802901F89BCE332DF84108AC7BE80EC9
B1C6383C300CC04FC6CC0F4ACEB0CF1B5421140DC0D203F3CD4EFF0A0C30F32D8B8CD282E74974
BC50F100F000031F75575551C95D4038BD921FEC952B60'H
      },
      annot {
        {
          data ftable {
            {
              id local id 1,
              data gene {
                locus-tag "CGSSPBS458_RS10945"
              },
              partial TRUE,
              location int {
                from 0,
                to 479,
                strand plus,
                id gi 302640335,
                fuzz-from lim lt
              },
              qual {
                {
                  qual "old_locus_tag",
                  val "CGSSpBS458_05504"
                }
              },
              xref {
                {
                  id local id 2
                }
              }
            }
          }
        }
      }
    },
    seq {
      id {
        genbank {
          accession "EFL70789"
        },
        general {
          db "WGS:ABWA",
          tag str "CGSSPBS458_RS10945"
        }
      },
      descr {
        title "type I restriction endonuclease subunit S, partial
 [Streptococcus pneumoniae BS458]",
        molinfo {
          biomol peptide,
          completeness no-left
        }
      },
      inst {
        repr raw,
        mol aa,
        length 159,
        seq-data iupacaa "GENKIFESIDNLFDIIDGDRGKNYPKSDELFSEEYCLFLNTKNVTKNGFSFD
TKQFITKTKDKLLRKGKLERYDIVLTTRGTVGNVAYYDELIKYKHLRINSGMVILRPKTPNLNQKFIIHVLRNNNYSR
VISGSAQPQLPITKLKKNTSPPPPTSPPK",
        hist {
          assembly {
            {
              type disc,
              dim 2,
              score {
                {
                  id str "num_positives",
                  value int 471
                },
                {
                  id str "num_negatives",
                  value int 6
                },
                {
                  id str "product_gap_length",
                  value int 0
                },
                {
                  id str "genomic_gap_length",
                  value int 0
                },
                {
                  id str "align_length",
                  value int 477
                },
                {
                  id str "product_internal_gap_length",
                  value int 0
                },
                {
                  id str "score",
                  value int 816
                },
                {
                  id str "rank",
                  value int 1
                }
              },
              segs spliced {
                product-id gi 487751002,
                genomic-id gi 302640335,
                genomic-strand plus,
                product-type protein,
                exons {
                  {
                    product-start protpos {
                      amin 0,
                      frame 1
                    },
                    product-end protpos {
                      amin 158,
                      frame 3
                    },
                    genomic-start 0,
                    genomic-end 476,
                    parts {
                      diag 477
                    },
                    partial FALSE
                  }
                },
                product-length 159,
                modifiers {
                  stop-codon-found TRUE
                }
              },
              bounds {
                whole gi 487751002,
                int {
                  from 0,
                  to 506,
                  strand plus,
                  id gi 302640335
                }
              },
              id {
                str "0d6dba4e-8674-44b6-97c2-1d4cc0c52e76"
              },
              ext {
                {
                  type str "placement_data",
                  data {
                    {
                      label str "gc_asm_id",
                      data str "GCA_000173175.1"
                    },
                    {
                      label str "gc_asm_chain_id",
                      data int 173185
                    },
                    {
                      label str "placement_id",
                      data str "0d6dba4e-8674-44b6-97c2-1d4cc0c52e76"
                    },
                    {
                      label str "Export region key",
                      data str "c"
                    },
                    {
                      label str "Export region from",
                      data int 0
                    },
                    {
                      label str "Export region to",
                      data int 476
                    }
                  }
                },
                {
                  class "bact_best_evidence_alignments",
                  type str "best_cds",
                  data {
                    {
                      label str "range",
                      num 2,
                      data ints {
                        0,
                        476
                      }
                    },
                    {
                      label str "start_found",
                      data bool FALSE
                    },
                    {
                      label str "stop_found",
                      data bool TRUE
                    },
                    {
                      label str "5' ends",
                      num 1,
                      data ints {
                        0
                      }
                    },
                    {
                      label str "5' support",
                      num 1,
                      data reals {
                        { 882093969663337, 10, -14 }
                      }
                    }
                  }
                }
              }
            }
          }
        }
      },
      annot {
        {
          data ftable {
            {
              id local id 3,
              data prot {
                name {
                  "type I restriction endonuclease subunit S"
                }
              },
              partial TRUE,
              location int {
                from 0,
                to 158,
                id genbank {
                  accession "EFL70789"
                },
                fuzz-from lim lt
              }
            }
          }
        }
      }
    }
  },
  annot {
    {
      data ftable {
        {
          id local id 2,
          data cdregion {
            code {
              id 11
            }
          },
          partial TRUE,
          product whole genbank {
            accession "EFL70789"
          },
          location int {
            from 0,
            to 479,
            strand plus,
            id gi 302640335,
            fuzz-from lim lt
          },
          qual {
            {
              qual "inference",
              val "EXISTENCE: similar to AA sequence:RefSeq:WP_001832791.1"
            }
          },
          ext {
            type str "CombinedFeatureUserObjects",
            data {
              {
                label str "ModelEvidence",
                data object {
                  type str "ModelEvidence",
                  data {
                    {
                      label str "Method",
                      data str "Protein Homology"
                    },
                    {
                      label str "SeedProtein",
                      data str "gi|487751002"
                    },
                    {
                      label str "SeedAlignPlacement",
                      num 2,
                      data ints {
                        0,
                        476
                      }
                    },
                    {
                      label str "SeedCluster",
                      data str "338184"
                    },
                    {
                      label str "SeedProteinSource",
                      data str "Other"
                    },
                    {
                      label str "phages_in_seed_cluster_ratio",
                      data real { 0, 10, 0 }
                    },
                    {
                      label str "BestNamingHit",
                      data str "gi|487751002"
                    },
                    {
                      label str "NamingHitCluster",
                      data str "338184"
                    },
                    {
                      label str "NamingHitProteinSource",
                      data str "Other"
                    },
                    {
                      label str "phages_in_naming_hit_cluster_ratio",
                      data real { 0, 10, 0 }
                    },
                    {
                      label str "best_naming_coverage",
                      data real { 1, 10, 2 }
                    },
                    {
                      label str "best_naming_subject_coverage",
                      data real { 47181, 10, -3 }
                    },
                    {
                      label str "Cluster",
                      data str "338184"
                    },
                    {
                      label str "ClusterName",
                      data str "type I restriction endonuclease subunit S"
                    },
                    {
                      label str "NamingEvidence",
                      num 18,
                      data strs {
                        "query=lcl|GENEMARK_000001&query_self_score==834&query
_length==159",
                        "query=lcl|GENEMARK_000001&subject=gi|487751002&cluste
r=338184&subject_self_score=1714&score=816&distance=0.0215827&symmetric_covera
ge=47.181",
                        "query=lcl|GENEMARK_000001&subject=gi|487745097&cluste
r=338184&subject_self_score=1715&score=792&distance=0.0503597&symmetric_covera
ge=47.0238",
                        "query=lcl|GENEMARK_000001&subject=gi|487760816&cluste
r=3497761&subject_self_score=837&score=792&distance=0.0503597&symmetric_covera
ge=98.75",
                        "query=lcl|GENEMARK_000001&subject=gi|446678813&cluste
r=338184&subject_self_score=1887&score=784&distance=0.059952&symmetric_coverag
e=41.129",
                        "query=lcl|GENEMARK_000001&subject=gi|487739282&cluste
r=5001655&subject_self_score=1009&score=784&distance=0.059952&symmetric_covera
ge=78.0612",
                        "query=lcl|GENEMARK_000001&subject=gi|446388804&cluste
r=3497761&subject_self_score=914&score=783&distance=0.0611511&symmetric_covera
ge=87.0056",
                        "query=lcl|GENEMARK_000001&subject=gi|487783890&cluste
r=3497761&subject_self_score=823&score=777&distance=0.0683453&symmetric_covera
ge=96.8553&note=query is partial and longer than subject",
                        "query=lcl|GENEMARK_000001&subject=gi|487734174&cluste
r=338184&subject_self_score=1695&score=776&distance=0.0695444&symmetric_covera
ge=46.0843",
                        "query=lcl|GENEMARK_000001&subject=gi|487734175&cluste
r=3497761&subject_self_score=817&score=776&distance=0.0695444&symmetric_covera
ge=96.2264&note=query is partial and longer than subject",
                        "query=lcl|GENEMARK_000001&subject=gi|487738833&cluste
r=338184&subject_self_score=1718&score=776&distance=0.0695444&symmetric_covera
ge=46.0843",
                        "query=lcl|GENEMARK_000001&subject=gi|487741835&cluste
r=338184&subject_self_score=1716&score=776&distance=0.0695444&symmetric_covera
ge=46.2236",
                        "query=lcl|GENEMARK_000001&subject=gi|487761502&cluste
r=338184&subject_self_score=1718&score=776&distance=0.0695444&symmetric_covera
ge=46.2236",
                        "query=lcl|GENEMARK_000001&subject=gi|487762256&cluste
r=338184&subject_self_score=1691&score=776&distance=0.0695444&symmetric_covera
ge=46.0843",
                        "query=lcl|GENEMARK_000001&subject=gi|487778180&cluste
r=3497761&subject_self_score=910&score=776&distance=0.0695444&symmetric_covera
ge=87.4286",
                        "query=lcl|GENEMARK_000001&subject=gi|487780419&cluste
r=3497761&subject_self_score=813&score=776&distance=0.0695444&symmetric_covera
ge=96.2264&note=query is partial and longer than subject",
                        "query=lcl|GENEMARK_000001&automatic_cluster_histogram
=3000000000",
                        "query=lcl|GENEMARK_000001&cluster=338184&protname=typ
e I restriction endonuclease subunit S"
                      }
                    }
                  }
                }
              }
            }
          },
          xref {
            {
              id local id 1
            }
          }
        }
      }
    }
  }
}
end-of-file
