Seq-entry ::= set {
  class nuc-prot,
  descr {
    source {
      genome genomic,
      org {
        taxname "Acinetobacter baumannii AB900",
        db {
          {
            db "taxon",
            tag id 557601
          }
        },
        orgname {
          name binomial {
            genus "Acinetobacter",
            species "baumannii"
          },
          mod {
            {
              subtype strain,
              subname "AB900"
            },
            {
              subtype nat-host,
              subname "Homo sapiens"
            }
          },
          lineage "Bacteria; Proteobacteria; Gammaproteobacteria;
 Pseudomonadales; Moraxellaceae; Acinetobacter; Acinetobacter
 calcoaceticus/baumannii complex",
          gcode 11,
          div "BCT"
        }
      },
      subtype {
        {
          subtype country,
          name "USA"
        },
        {
          subtype isolation-source,
          name "perineal isolate"
        },
        {
          subtype collection-date,
          name "2003"
        }
      }
    },
    pub {
      pub {
        sub {
          authors {
            names std {
              {
                name name {
                  last "Adams",
                  first "Mark",
                  initials "M.D."
                }
              },
              {
                name name {
                  last "Goglin",
                  first "Karrie",
                  initials "K."
                }
              },
              {
                name name {
                  last "Molyneaux",
                  first "Neil",
                  initials "N."
                }
              },
              {
                name name {
                  last "Hujer",
                  first "Kristine",
                  initials "K.M."
                }
              },
              {
                name name {
                  last "Lavender",
                  first "Heather",
                  initials "H."
                }
              },
              {
                name name {
                  last "Jamison",
                  first "Jennifer",
                  initials "J.J."
                }
              },
              {
                name name {
                  last "MacDonald",
                  first "Ian",
                  initials "I.J."
                }
              },
              {
                name name {
                  last "Martin",
                  first "Kristienna",
                  initials "K.M."
                }
              },
              {
                name name {
                  last "Russo",
                  first "Thomas",
                  initials "T."
                }
              },
              {
                name name {
                  last "Campagnari",
                  first "Anthony",
                  initials "A.A."
                }
              },
              {
                name name {
                  last "Hujer",
                  first "Andrea",
                  initials "A.M."
                }
              },
              {
                name name {
                  last "Bonomo",
                  first "Robert",
                  initials "R.A."
                }
              },
              {
                name name {
                  last "Gill",
                  first "Steven",
                  initials "S.R."
                }
              }
            },
            affil std {
              affil "University at Buffalo",
              div "Infectious Disease and Genomics--Center of Excellence",
              city "Buffalo",
              sub "NY",
              country "USA",
              street "701 Ellicott Street",
              postal-code "14203"
            }
          },
          date std {
            year 2008,
            month 9,
            day 25
          }
        }
      }
    },
    pub {
      pub {
        pmid 18931120,
        article {
          title {
            name "Comparative genome sequence analysis of multidrug-resistant
 Acinetobacter baumannii."
          },
          authors {
            names std {
              {
                name name {
                  last "Adams",
                  initials "M.D."
                }
              },
              {
                name name {
                  last "Goglin",
                  initials "K."
                }
              },
              {
                name name {
                  last "Molyneaux",
                  initials "N."
                }
              },
              {
                name name {
                  last "Hujer",
                  initials "K.M."
                }
              },
              {
                name name {
                  last "Lavender",
                  initials "H."
                }
              },
              {
                name name {
                  last "Jamison",
                  initials "J.J."
                }
              },
              {
                name name {
                  last "MacDonald",
                  initials "I.J."
                }
              },
              {
                name name {
                  last "Martin",
                  initials "K.M."
                }
              },
              {
                name name {
                  last "Russo",
                  initials "T."
                }
              },
              {
                name name {
                  last "Campagnari",
                  initials "A.A."
                }
              },
              {
                name name {
                  last "Hujer",
                  initials "A.M."
                }
              },
              {
                name name {
                  last "Bonomo",
                  initials "R.A."
                }
              },
              {
                name name {
                  last "Gill",
                  initials "S.R."
                }
              }
            },
            affil str "Department of Genetics, Case Western Reserve University
 School of Medicine, Cleveland, OH 44106-4955, USA. mda13@case.edu"
          },
          from journal {
            title {
              iso-jta "J. Bacteriol.",
              ml-jta "J Bacteriol",
              issn "1098-5530",
              name "Journal of bacteriology"
            },
            imp {
              date std {
                year 2008,
                month 12
              },
              volume "190",
              issue "24",
              pages "8053-8064",
              language "eng",
              pubstatus ppublish,
              history {
                {
                  pubstatus aheadofprint,
                  date std {
                    year 2008,
                    month 10,
                    day 17
                  }
                },
                {
                  pubstatus pubmed,
                  date std {
                    year 2008,
                    month 10,
                    day 22,
                    hour 9,
                    minute 0
                  }
                },
                {
                  pubstatus medline,
                  date std {
                    year 2008,
                    month 12,
                    day 17,
                    hour 9,
                    minute 0
                  }
                },
                {
                  pubstatus other,
                  date std {
                    year 2008,
                    month 10,
                    day 22,
                    hour 9,
                    minute 0
                  }
                }
              }
            }
          },
          ids {
            pii "JB.00834-08",
            doi "10.1128/JB.00834-08",
            pubmed 18931120,
            other {
              db "pmc",
              tag str "PMC2593238"
            },
            other {
              db "ELocationID doi",
              tag str "10.1128/JB.00834-08"
            }
          }
        }
      }
    },
    user {
      type str "DBLink",
      data {
        {
          label str "BioProject",
          num 1,
          data strs {
            "PRJNA30995"
          }
        },
        {
          label str "BioSample",
          num 1,
          data strs {
            "SAMN02471436"
          }
        }
      }
    },
    user {
      type str "NcbiCleanup",
      data {
        {
          label str "method",
          data str "ExtendedSeqEntryCleanup"
        },
        {
          label str "version",
          data int 1
        },
        {
          label str "month",
          data int 4
        },
        {
          label str "day",
          data int 15
        },
        {
          label str "year",
          data int 2016
        }
      }
    }
  },
  seq-set {
    seq {
      id {
        genbank {
          accession "ABXK01000068",
          version 1
        },
        general {
          db "WGS:ABXK01",
          tag str "contig00500"
        },
        gi 215982269
      },
      descr {
        molinfo {
          biomol genomic,
          tech wgs
        },
        comment "Genome coverage: approximately 18x~Sequencing technology: 
 454-FLX",
        user {
          type str "WGSProjects",
          data {
            {
              label str "WGS_accession_first",
              data str "ABXK01000001"
            },
            {
              label str "WGS_accession_last",
              data str "ABXK01000068"
            }
          }
        },
        create-date std {
          year 2008,
          month 12,
          day 5
        },
        update-date std {
          year 2008,
          month 12,
          day 5
        }
      },
      inst {
        repr raw,
        mol dna,
        length 524,
        seq-data ncbi2na '814A7792C5EC3E8DED5BC16AF0F1EB934AE4BACD0BB30BFBB36F
0479E73C5E7937B01BC7F24D0DB7CDE4D64B42D1C5EB19F1ED4EE567B9CDC4BE4B31B7A53E3441
2E147B3F9E4DE5A04FFD0C65EC12C1BE5E19F78E4F0D13ED27BC783416E0BC194DACFE85079341
0C9EC5EB023ABE5E7A37B243E5D07DB4534F0A52AFEB1E141E5B5A'H
      },
      annot {
        {
          data ftable {
            {
              id local id 1,
              data gene {
                locus-tag "ABBFB_RS18560"
              },
              partial TRUE,
              location int {
                from 0,
                to 523,
                strand minus,
                id gi 215982269,
                fuzz-from lim lt,
                fuzz-to lim gt
              },
              qual {
                {
                  qual "old_locus_tag",
                  val "AD63_RS0118965"
                }
              },
              xref {
                {
                  id local id 2
                }
              }
            }
          }
        }
      }
    },
    seq {
      id {
        local str "GENEMARK_000001",
        general {
          db "WGS:ABXK",
          tag str "ABBFB_RS18560"
        }
      },
      descr {
        title "hemagglutinin, partial [Acinetobacter baumannii AB900]",
        molinfo {
          biomol peptide,
          completeness no-ends
        }
      },
      inst {
        repr raw,
        mol aa,
        length 175,
        seq-data iupacaa "PDGSWSVPNPGLNDGDEVEAIATDPAGNPSLPGTAIVDAVGPNTDGVNFTVD
SVTADNVINASEASGNVTVTGVLKNVPADAANTVVTVVINGQTYTATVDSTAGTWTVSVPGSDLTADADKTIDAKVTF
TDAAGNSSSVNDTQTYTLDTTAPDAPVINPVNGTDPITGTAEPGS",
        hist {
          assembly {
            {
              type disc,
              dim 2,
              score {
                {
                  id str "num_positives",
                  value int 522
                },
                {
                  id str "num_negatives",
                  value int 0
                },
                {
                  id str "product_gap_length",
                  value int 0
                },
                {
                  id str "genomic_gap_length",
                  value int 60
                },
                {
                  id str "align_length",
                  value int 582
                },
                {
                  id str "product_internal_gap_length",
                  value int 0
                },
                {
                  id str "score",
                  value int 867
                },
                {
                  id str "rank",
                  value int 1
                }
              },
              segs spliced {
                product-id gi 504824141,
                genomic-id gi 215982269,
                genomic-strand minus,
                product-type protein,
                exons {
                  {
                    product-start protpos {
                      amin 0,
                      frame 1
                    },
                    product-end protpos {
                      amin 173,
                      frame 3
                    },
                    genomic-start 2,
                    genomic-end 523,
                    parts {
                      diag 288,
                      diag 234
                    },
                    partial TRUE
                  }
                },
                product-length 174
              },
              bounds {
                whole gi 504824141,
                int {
                  from 0,
                  to 523,
                  strand minus,
                  id gi 215982269
                }
              },
              id {
                str "ec432cd7-18cf-4c17-8c83-216fbba8ab7d"
              },
              ext {
                {
                  type str "placement_data",
                  data {
                    {
                      label str "gc_asm_id",
                      data str "GCA_000173395.1"
                    },
                    {
                      label str "gc_asm_chain_id",
                      data int 173405
                    },
                    {
                      label str "placement_id",
                      data str "ec432cd7-18cf-4c17-8c83-216fbba8ab7d"
                    },
                    {
                      label str "Export region key",
                      data str "c"
                    },
                    {
                      label str "Export region from",
                      data int 2
                    },
                    {
                      label str "Export region to",
                      data int 523
                    }
                  }
                },
                {
                  class "bact_best_evidence_alignments",
                  type str "best_cds",
                  data {
                    {
                      label str "range",
                      num 2,
                      data ints {
                        0,
                        523
                      }
                    },
                    {
                      label str "start_found",
                      data bool FALSE
                    },
                    {
                      label str "stop_found",
                      data bool FALSE
                    },
                    {
                      label str "5' ends",
                      num 1,
                      data ints {
                        523
                      }
                    },
                    {
                      label str "5' support",
                      num 1,
                      data reals {
                        { 178196468775921, 10, -14 }
                      }
                    }
                  }
                }
              }
            }
          }
        }
      },
      annot {
        {
          data ftable {
            {
              id local id 3,
              data prot {
                name {
                  "hemagglutinin"
                }
              },
              partial TRUE,
              location int {
                from 0,
                to 174,
                id local str "GENEMARK_000001",
                fuzz-from lim lt,
                fuzz-to lim gt
              }
            }
          }
        }
      }
    }
  },
  annot {
    {
      data ftable {
        {
          id local id 2,
          data cdregion {
            code {
              id 11
            }
          },
          partial TRUE,
          product whole local str "GENEMARK_000001",
          location int {
            from 0,
            to 523,
            strand minus,
            id gi 215982269,
            fuzz-from lim lt,
            fuzz-to lim gt
          },
          qual {
            {
              qual "inference",
              val "EXISTENCE: similar to AA sequence:RefSeq:WP_015011243.1"
            }
          },
          ext {
            type str "CombinedFeatureUserObjects",
            data {
              {
                label str "ModelEvidence",
                data object {
                  type str "ModelEvidence",
                  data {
                    {
                      label str "Method",
                      data str "Protein Homology"
                    },
                    {
                      label str "SeedProtein",
                      data str "gi|504824141"
                    },
                    {
                      label str "SeedAlignPlacement",
                      num 2,
                      data ints {
                        2,
                        523
                      }
                    },
                    {
                      label str "SeedCluster",
                      data str "5531253"
                    },
                    {
                      label str "SeedProteinSource",
                      data str "Other"
                    },
                    {
                      label str "phages_in_seed_cluster_ratio",
                      data real { 0, 10, 0 }
                    },
                    {
                      label str "BestNamingHit",
                      data str "gi|504824141"
                    },
                    {
                      label str "NamingHitCluster",
                      data str "5531253"
                    },
                    {
                      label str "NamingHitProteinSource",
                      data str "Other"
                    },
                    {
                      label str "phages_in_naming_hit_cluster_ratio",
                      data real { 0, 10, 0 }
                    },
                    {
                      label str "best_naming_coverage",
                      data real { 1, 10, 2 }
                    },
                    {
                      label str "best_naming_subject_coverage",
                      data real { 309187, 10, -4 }
                    },
                    {
                      label str "Cluster",
                      data str "5531253"
                    },
                    {
                      label str "ClusterName",
                      data str "hemagglutinin"
                    },
                    {
                      label str "NamingEvidence",
                      num 9,
                      data strs {
                        "query=lcl|GENEMARK_000001&query_self_score==902&query
_length==175",
                        "query=lcl|GENEMARK_000001&subject=gi|504824141&cluste
r=5531253&subject_self_score=2895&score=871&distance=0.0343681&symmetric_cover
age=30.9187",
                        "query=lcl|GENEMARK_000001&subject=gi|501360416&cluste
r=5531253&subject_self_score=2659&score=816&distance=0.0953437&symmetric_cover
age=33.4608",
                        "query=lcl|GENEMARK_000001&subject=gi|487988872&cluste
r=707102&subject_self_score=4067&score=801&distance=0.111973&symmetric_coverag
e=22.0681",
                        "query=lcl|GENEMARK_000001&subject=gi|447036904&cluste
r=707102&subject_self_score=3776&score=800&distance=0.113082&symmetric_coverag
e=23.7127",
                        "query=lcl|GENEMARK_000001&subject=gi|487990331&cluste
r=707102&subject_self_score=3184&score=800&distance=0.113082&symmetric_coverag
e=28.0449",
                        "query=lcl|GENEMARK_000001&subject=gi|487998755&cluste
r=707102&subject_self_score=3296&score=800&distance=0.113082&symmetric_coverag
e=27.1318",
                        "query=lcl|GENEMARK_000001&automatic_cluster_histogram
=1100000000",
                        "query=lcl|GENEMARK_000001&cluster=5531253&protname=he
magglutinin"
                      }
                    }
                  }
                }
              }
            }
          },
          xref {
            {
              id local id 1
            }
          }
        }
      }
    }
  }
}
end-of-file
