Seq-entry ::= set {
  class nuc-prot,
  descr {
    source {
      genome genomic,
      org {
        taxname "Helicobacter pylori",
        db {
          {
            db "taxon",
            tag id 210
          }
        },
        syn {
          "Campylobacter pylori",
          "Campylobacter pylori subsp. pylori",
          "Campylobacter pyloridis",
          "Helicobacter nemestrinae"
        },
        orgname {
          name binomial {
            genus "Helicobacter",
            species "pylori"
          },
          mod {
            {
              subtype strain,
              subname "HP2RS"
            },
            {
              subtype nat-host,
              subname "Homo sapiens"
            }
          },
          lineage "Bacteria; Proteobacteria; Epsilonproteobacteria;
 Campylobacterales; Helicobacteraceae; Helicobacter",
          gcode 11,
          div "BCT"
        }
      },
      subtype {
        {
          subtype country,
          name "Germany"
        }
      }
    },
    pub {
      pub {
        sub {
          authors {
            names std {
              {
                name name {
                  last "O'Toole",
                  first "Paul",
                  initials "P.W."
                }
              }
            },
            affil std {
              affil "University College Cork",
              div "Microbiology Department",
              city "Cork",
              country "Ireland",
              street "College Road",
              email "pwotoole@ucc.ie"
            }
          },
          medium other,
          date std {
            year 2012,
            month 2,
            day 29
          }
        }
      }
    },
    pub {
      pub {
        pmid 22493206,
        article {
          title {
            name "Draft genome sequences of Helicobacter pylori strains 17874
 and P79."
          },
          authors {
            names std {
              {
                name name {
                  last "Clancy",
                  initials "C.D."
                }
              },
              {
                name name {
                  last "Forde",
                  initials "B.M."
                }
              },
              {
                name name {
                  last "Moore",
                  initials "S.A."
                }
              },
              {
                name name {
                  last "O'Toole",
                  initials "P.W."
                }
              }
            },
            affil str "Address correspondence to Paul W. O'Toole,
 pwotoole@ucc.ie."
          },
          from journal {
            title {
              iso-jta "J. Bacteriol.",
              ml-jta "J Bacteriol",
              issn "1098-5530",
              name "Journal of bacteriology"
            },
            imp {
              date std {
                year 2012,
                month 5
              },
              volume "194",
              issue "9",
              pages "2402",
              language "eng",
              pubstatus ppublish,
              history {
                {
                  pubstatus other,
                  date std {
                    year 2012,
                    month 4,
                    day 12,
                    hour 6,
                    minute 0
                  }
                },
                {
                  pubstatus pubmed,
                  date std {
                    year 2012,
                    month 4,
                    day 12,
                    hour 6,
                    minute 0
                  }
                },
                {
                  pubstatus medline,
                  date std {
                    year 2012,
                    month 6,
                    day 20,
                    hour 6,
                    minute 0
                  }
                }
              }
            }
          },
          ids {
            pii "194/9/2402",
            doi "10.1128/JB.00230-12",
            pubmed 22493206,
            other {
              db "pmc",
              tag str "PMC3347063"
            },
            other {
              db "ELocationID doi",
              tag str "10.1128/JB.00230-12"
            }
          }
        }
      }
    },
    user {
      type str "DBLink",
      data {
        {
          label str "BioProject",
          num 1,
          data strs {
            "PRJNA76567"
          }
        },
        {
          label str "BioSample",
          num 1,
          data strs {
            "SAMN02471468"
          }
        }
      }
    },
    user {
      type str "NcbiCleanup",
      data {
        {
          label str "method",
          data str "ExtendedSeqEntryCleanup"
        },
        {
          label str "version",
          data int 1
        },
        {
          label str "month",
          data int 4
        },
        {
          label str "day",
          data int 15
        },
        {
          label str "year",
          data int 2016
        }
      }
    }
  },
  seq-set {
    seq {
      id {
        genbank {
          accession "AIHW01000215",
          version 1
        },
        general {
          db "WGS:AIHW01",
          tag str "Contig99"
        },
        gi 384372227
      },
      descr {
        molinfo {
          biomol genomic,
          tech wgs
        },
        comment "Bacteria available from D. Heuermann R. Haas,
 Max-Planck-Institut fur Biologie, Abteilung Infektionsbiologie, Spemannstr.
 34, D-72076 Tubingen, Germany.~Genome was manually curated based on
 annotation generated by the NCBI Prokaryotic Genomes Automatic Annotation
 Pipeline Group. Information about the Pipeline can be found here:
 http://www.ncbi.nlm.nih.gov/genomes/static/Pipeline.html.",
        user {
          type str "StructuredComment",
          data {
            {
              label str "StructuredCommentPrefix",
              data str "##Genome-Assembly-Data-START##"
            },
            {
              label str "Assembly Method",
              data str "Velvet v. 1.2.01"
            },
            {
              label str "Genome Coverage",
              data str "250x"
            },
            {
              label str "Sequencing Technology",
              data str "Illumina GA IIx"
            },
            {
              label str "StructuredCommentSuffix",
              data str "##Genome-Assembly-Data-END##"
            }
          }
        },
        user {
          type str "WGSProjects",
          data {
            {
              label str "WGS_accession_first",
              data str "AIHW01000001"
            },
            {
              label str "WGS_accession_last",
              data str "AIHW01000215"
            }
          }
        },
        create-date std {
          year 2012,
          month 4,
          day 16
        },
        update-date std {
          year 2016,
          month 3,
          day 23
        }
      },
      inst {
        repr raw,
        mol dna,
        length 880,
        seq-data ncbi2na '32C03CAF4FB0333CD1F4E33DF104004F1FC2813FCE00210F79DD
DDDD9F4D9DF919E0841A7FFEE265A7340DA609AE40EB40045A60F8007E060031890F094B3F0342
E9F6F824093D00650413E27AD0C9DFC073F0027F141041CC1245150D9537F0E5B9096F347DACFA
BFFA2DFCE6A83C7D1FFFEEAC00AEAE32EA4159CBB52AC15D7FC018F322079D283E00799CE8D014
7CE308E0007678217509A74040779470290437F99FCD6AEE7904874134054501D05B890677C3FA
64127CE8FC3640470069CE3BA00336D34BA6FD01135AE7344D470F15064319AEFC104F0A638C'H
      },
      annot {
        {
          data ftable {
            {
              id local id 1,
              data gene {
                locus-tag "HP2RS_RS08585"
              },
              partial TRUE,
              location int {
                from 124,
                to 879,
                strand plus,
                id gi 384372227,
                fuzz-to lim gt
              },
              qual {
                {
                  qual "old_locus_tag",
                  val "HP79_03528"
                },
                {
                  qual "old_locus_tag",
                  val "HP79_RS08645"
                }
              },
              xref {
                {
                  id local id 2
                }
              }
            }
          }
        }
      }
    },
    seq {
      id {
        genbank {
          accession "EIE27845"
        },
        general {
          db "WGS:AIHW",
          tag str "HP2RS_RS08585"
        }
      },
      descr {
        title "hypothetical protein HP2RS_RS08585, partial [Helicobacter
 pylori]",
        molinfo {
          biomol peptide,
          completeness no-right
        }
      },
      inst {
        repr raw,
        mol aa,
        length 252,
        seq-data iupacaa "MHAEDNGFFVSAGYQIGEAVQMVKNTGELKNLNEKYEQLSQYLNQVASLKQS
IQNANNIELVNSSLNYLKSFTNNNYNSTTQSPIFNAVQAVITSVLGFWSLYAGNYFTFFVGKKVGDSGQPASVQGNPP
FKTIIENCSGIENCAMDQTTYDKMKKLAEDLQAAQTNSATKGNNLCALSGCAATDSTSNPPNSTVSNALNLAQQLMDL
IANTKTAMMWKNIVISGVSNTSGAITSTNYPTQYAVFNNIKAMI",
        hist {
          assembly {
            {
              type disc,
              dim 2,
              score {
                {
                  id str "num_positives",
                  value int 756
                },
                {
                  id str "num_negatives",
                  value int 0
                },
                {
                  id str "product_gap_length",
                  value int 0
                },
                {
                  id str "genomic_gap_length",
                  value int 0
                },
                {
                  id str "align_length",
                  value int 756
                },
                {
                  id str "product_internal_gap_length",
                  value int 0
                },
                {
                  id str "score",
                  value int 1294
                },
                {
                  id str "pct_identity_gap",
                  value real { 1, 10, 2 }
                },
                {
                  id str "num_ident",
                  value int 756
                },
                {
                  id str "num_mismatch",
                  value int 0
                },
                {
                  id str "pct_identity_ungap",
                  value real { 1, 10, 2 }
                },
                {
                  id str "gap_count",
                  value int 0
                },
                {
                  id str "pct_coverage",
                  value real { 394984326018809, 10, -13 }
                },
                {
                  id str "pct_coverage_hiqual",
                  value real { 394984326018809, 10, -13 }
                },
                {
                  id str "weighted_identity",
                  value real { 1, 10, 0 }
                },
                {
                  id str "rank",
                  value int 1
                }
              },
              segs spliced {
                product-id gi 446464966,
                genomic-id gi 384372227,
                genomic-strand plus,
                product-type protein,
                exons {
                  {
                    product-start protpos {
                      amin 0,
                      frame 1
                    },
                    product-end protpos {
                      amin 251,
                      frame 3
                    },
                    genomic-start 124,
                    genomic-end 879,
                    parts {
                      match 3,
                      diag 753
                    },
                    partial TRUE
                  }
                },
                product-length 252,
                modifiers {
                  start-codon-found TRUE
                }
              },
              bounds {
                whole gi 446464966,
                int {
                  from 24,
                  to 879,
                  strand plus,
                  id gi 384372227
                }
              },
              id {
                str "595261b9-5fbb-45a4-bc99-d43d20bcecc1"
              },
              ext {
                {
                  type str "placement_data",
                  data {
                    {
                      label str "gc_asm_id",
                      data str "GCA_000258825.1"
                    },
                    {
                      label str "gc_asm_chain_id",
                      data int 258835
                    },
                    {
                      label str "placement_id",
                      data str "595261b9-5fbb-45a4-bc99-d43d20bcecc1"
                    },
                    {
                      label str "Export region key",
                      data str "c"
                    },
                    {
                      label str "Export region from",
                      data int 124
                    },
                    {
                      label str "Export region to",
                      data int 879
                    }
                  }
                },
                {
                  class "bact_best_evidence_alignments",
                  type str "best_cds",
                  data {
                    {
                      label str "range",
                      num 2,
                      data ints {
                        124,
                        879
                      }
                    },
                    {
                      label str "start_found",
                      data bool TRUE
                    },
                    {
                      label str "stop_found",
                      data bool FALSE
                    },
                    {
                      label str "5' ends",
                      num 5,
                      data ints {
                        79,
                        85,
                        100,
                        124,
                        151
                      }
                    },
                    {
                      label str "5' support",
                      num 5,
                      data reals {
                        { 358790022249941, 10, -14 },
                        { 269126484975542, 10, -14 },
                        { 278160280783855, 10, -14 },
                        { 2, 10, 0 },
                        { 1, 10, 0 }
                      }
                    }
                  }
                }
              }
            }
          }
        }
      },
      annot {
        {
          data ftable {
            {
              id local id 3,
              data prot {
                name {
                  "hypothetical protein"
                }
              },
              partial TRUE,
              location int {
                from 0,
                to 251,
                id genbank {
                  accession "EIE27845"
                },
                fuzz-to lim gt
              }
            }
          }
        }
      }
    }
  },
  annot {
    {
      data ftable {
        {
          id local id 2,
          data cdregion {
            code {
              id 11
            }
          },
          partial TRUE,
          product whole genbank {
            accession "EIE27845"
          },
          location int {
            from 124,
            to 879,
            strand plus,
            id gi 384372227,
            fuzz-to lim gt
          },
          qual {
            {
              qual "inference",
              val "EXISTENCE: similar to AA sequence:RefSeq:WP_000542820.1"
            }
          },
          ext {
            type str "CombinedFeatureUserObjects",
            data {
              {
                label str "ModelEvidence",
                data object {
                  type str "ModelEvidence",
                  data {
                    {
                      label str "Method",
                      data str "Protein Homology"
                    },
                    {
                      label str "SeedProtein",
                      data str "gi|446464966"
                    },
                    {
                      label str "SeedAlignPlacement",
                      num 2,
                      data ints {
                        124,
                        879
                      }
                    },
                    {
                      label str "SeedCluster",
                      data str "496176"
                    },
                    {
                      label str "SeedProteinSource",
                      data str "Reference"
                    },
                    {
                      label str "phages_in_seed_cluster_ratio",
                      data real { 0, 10, 0 }
                    },
                    {
                      label str "BestNamingHit",
                      data str "gi|446464966"
                    },
                    {
                      label str "NamingHitCluster",
                      data str "496176"
                    },
                    {
                      label str "NamingHitProteinSource",
                      data str "Reference"
                    },
                    {
                      label str "phages_in_naming_hit_cluster_ratio",
                      data real { 0, 10, 0 }
                    },
                    {
                      label str "best_naming_coverage",
                      data real { 1, 10, 2 }
                    },
                    {
                      label str "best_naming_subject_coverage",
                      data real { 394984, 10, -4 }
                    },
                    {
                      label str "Cluster",
                      data str "496176"
                    },
                    {
                      label str "Virulence Factor",
                      num 1,
                      data strs {
                        "Adherence"
                      }
                    },
                    {
                      label str "ClusterName",
                      data str "hypothetical protein"
                    },
                    {
                      label str "NamingEvidence",
                      num 13,
                      data strs {
                        "query=lcl|GENEMARK_000001&query_self_score==1294&quer
y_length==252",
                        "query=lcl|GENEMARK_000001&subject=gi|446464966&cluste
r=496176&subject_self_score=3294&score=1294&distance=0&symmetric_coverage=39.4
984",
                        "query=lcl|GENEMARK_000001&subject=gi|499177995&cluste
r=496176&subject_self_score=3243&score=1239&distance=0.0425039&symmetric_cover
age=38.6328",
                        "query=lcl|GENEMARK_000001&subject=gi|446668195&cluste
r=496176&subject_self_score=3359&score=1207&distance=0.0672334&symmetric_cover
age=38.5208",
                        "query=lcl|GENEMARK_000001&subject=gi|446673817&cluste
r=496176&subject_self_score=3369&score=1189&distance=0.0811437&symmetric_cover
age=38.2263",
                        "query=lcl|GENEMARK_000001&subject=gi|446668214&cluste
r=496176&subject_self_score=3364&score=1188&distance=0.0819165&symmetric_cover
age=38.4025",
                        "query=lcl|GENEMARK_000001&subject=gi|446668220&cluste
r=496176&subject_self_score=3373&score=1179&distance=0.0888717&symmetric_cover
age=38.5321",
                        "query=lcl|GENEMARK_000001&subject=gi|446673837&cluste
r=496176&subject_self_score=3352&score=1177&distance=0.0904173&symmetric_cover
age=38.3077",
                        "query=lcl|GENEMARK_000001&subject=gi|446668243&cluste
r=496176&subject_self_score=3390&score=1171&distance=0.0950541&symmetric_cover
age=37.9939",
                        "query=lcl|GENEMARK_000001&subject=gi|446668239&cluste
r=496176&subject_self_score=3383&score=1169&distance=0.0965997&symmetric_cover
age=38.1679",
                        "query=lcl|GENEMARK_000001&subject=gi|446668244&cluste
r=496176&subject_self_score=3369&score=1166&distance=0.0989181&symmetric_cover
age=37.9786",
                        "query=lcl|GENEMARK_000001&automatic_cluster_histogram
=1000000000",
                        "query=lcl|GENEMARK_000001&cluster=496176&protname=hyp
othetical protein"
                      }
                    }
                  }
                }
              }
            }
          },
          xref {
            {
              id local id 1
            }
          }
        }
      }
    }
  }
}
end-of-file
