Seq-submit ::= {
  sub {
    contact {
      contact {
        name name {
          last "Thomas",
          first "Pam"
        },
        affil std {
          affil "NIH",
          div "NIH Intramural Sequencing Center",
          city "Rockville",
          sub "MD",
          country "USA",
          street "5625 Fishers Lane",
          email "pjthomas@mail.nih.gov",
          fax "",
          phone "404-370-0734",
          postal-code "20852"
        }
      }
    },
    cit {
      authors {
        names std {
          {
            name name {
              last "Segre",
              first "Julie",
              initials "J.",
              suffix ""
            }
          },
          {
            name name {
              last "Mullican",
              first "Jim",
              initials "J.",
              suffix ""
            }
          }
        },
        affil std {
          affil "NIH",
          div "NIH Intramural Sequencing Center",
          city "Rockville",
          sub "MD",
          country "USA",
          street "5625 Fishers Lane",
          postal-code "20852"
        }
      },
      date std {
        year 2014,
        month 11,
        day 18
      }
    },
    subtype new,
    tool "table2asn 1.0.0"
  },
  data entrys {
    seq {
      id {
        local str "optical_map_chr_Acinetobacter baumannii (NIH_B)"
      },
      descr {
        source {
          genome chromosome,
          org {
          }
        },
        molinfo {
          biomol genomic,
          completeness complete
        },
        pub {
          pub {
            article {
              title {
                name "Genome-wide recombination drives diversification of
 epidemic strains of Acinetobacter baumannii."
              },
              authors {
                names std {
                  {
                    name name {
                      last "Snitkin",
                      first "E",
                      initials "E.S."
                    }
                  },
                  {
                    name name {
                      last "Zelazny",
                      first "A",
                      initials "A.M."
                    }
                  },
                  {
                    name name {
                      last "Montero",
                      first "C",
                      initials "C.I."
                    }
                  },
                  {
                    name name {
                      last "Stock",
                      first "F",
                      initials "F."
                    }
                  },
                  {
                    name name {
                      last "Mijares",
                      first "L",
                      initials "L."
                    }
                  },
                  {
                    name name {
                      last "Murray",
                      first "P",
                      initials "P.R."
                    }
                  },
                  {
                    name name {
                      last "Segre",
                      first "J",
                      initials "J.A."
                    }
                  },
                  {
                    name consortium "NISC Comparative Sequence Program"
                  }
                },
                affil str "Epithelial Biology Section, Genetics and Molecular
 Biology Branch, National Human Genome Research Institute, Bethesda, MD 20892,
 USA."
              },
              from journal {
                title {
                  iso-jta "Proc. Natl. Acad. Sci. U.S.A."
                },
                imp {
                  date std {
                    year 2011,
                    month 8,
                    day 16
                  },
                  volume "108",
                  issue "33",
                  pages "13758-13763",
                  pubstatus ppublish
                }
              },
              ids {
                doi "10.1073/pnas.1104404108",
                pubmed 21825119
              }
            },
            pmid 21825119
          }
        },
        user {
          type str "FileTrack",
          data {
            {
              label str "Map-FileTrackURL",
              num 1,
              data str "http://www.google.com"
            }
          }
        }
      },
      inst {
        repr map,
        mol dna,
        length 3762814,
        topology circular,
        strand ds,
        ext map {
          {
            data rsite str "NcoI",
            location packed-pnt {
              id local str "optical_map_chr_Acinetobacter baumannii (NIH_B)",
              points {
                5769,
                15172,
                17562,
                38009,
                59581,
                127562,
                131781,
                148698,
                155512,
                158456,
                161592,
                166406,
                169933,
                176968,
                180684,
                198310,
                205520,
                223561,
                225694,
                228892,
                237027,
                247554,
                270420,
                276360,
                280219,
                291058,
                303271,
                314715,
                317306,
                321577,
                329173,
                338422,
                340291,
                356689,
                358425,
                364063,
                368690,
                375052,
                398701,
                400998,
                405943,
                407696,
                435797,
                442347,
                444059,
                465467,
                486791,
                530969,
                538790,
                573513,
                582667,
                587504,
                602661,
                605016,
                622493,
                625169,
                643247,
                654083,
                668493,
                678567,
                681273,
                691059,
                703433,
                706084,
                722908,
                727365,
                730370,
                735122,
                736662,
                742551,
                748012,
                750059,
                762919,
                771309,
                782843,
                798906,
                819430,
                823613,
                841790,
                843683,
                853082,
                859518,
                861350,
                869695,
                884731,
                892397,
                901467,
                907428,
                914218,
                916015,
                932994,
                936862,
                938836,
                942963,
                948065,
                957982,
                962326,
                974384,
                977056,
                989929,
                996795,
                1002629,
                1005022,
                1018929,
                1031284,
                1051963,
                1091196,
                1097490,
                1101319,
                1105688,
                1119051,
                1127450,
                1153078,
                1161925,
                1170388,
                1175700,
                1198507,
                1206478,
                1217173,
                1223321,
                1238874,
                1248691,
                1259523,
                1268933,
                1273436,
                1276880,
                1283890,
                1290735,
                1300707,
                1309811,
                1324577,
                1328588,
                1336790,
                1342286,
                1363148,
                1398219,
                1399999,
                1412770,
                1423649,
                1432207,
                1438398,
                1459954,
                1465464,
                1479865,
                1485899,
                1491856,
                1494786,
                1497279,
                1518526,
                1523823,
                1544272,
                1549258,
                1555626,
                1560356,
                1562613,
                1565832,
                1570500,
                1590092,
                1593062,
                1600331,
                1603103,
                1606361,
                1608246,
                1624964,
                1628939,
                1632843,
                1634614,
                1637624,
                1644284,
                1656441,
                1657778,
                1670959,
                1672492,
                1679950,
                1681333,
                1684862,
                1687838,
                1691661,
                1699081,
                1703220,
                1706363,
                1723112,
                1728028,
                1738373,
                1748868,
                1752612,
                1756067,
                1771374,
                1777060,
                1784338,
                1795244,
                1796886,
                1798606,
                1803993,
                1836661,
                1839041,
                1844270,
                1850215,
                1852958,
                1864427,
                1870264,
                1877501,
                1898435,
                1911700,
                1925477,
                1937934,
                1940332,
                1942764,
                1947052,
                1995600,
                1997906,
                2006167,
                2011279,
                2021367,
                2023829,
                2038508,
                2042415,
                2048573,
                2051589,
                2079704,
                2087513,
                2090262,
                2093327,
                2104397,
                2106065,
                2111518,
                2115340,
                2129642,
                2143122,
                2154929,
                2157817,
                2167002,
                2170349,
                2175493,
                2183114,
                2212451,
                2232777,
                2234888,
                2242417,
                2260816,
                2285769,
                2293101,
                2294842,
                2297274,
                2305137,
                2310293,
                2340609,
                2343598,
                2353138,
                2359517,
                2371121,
                2375086,
                2376831,
                2384678,
                2406870,
                2411175,
                2414600,
                2432838,
                2439150,
                2442051,
                2445190,
                2450423,
                2455055,
                2485351,
                2491428,
                2498945,
                2501334,
                2525433,
                2528090,
                2540774,
                2551663,
                2562429,
                2564678,
                2566578,
                2572712,
                2591158,
                2599429,
                2608857,
                2630732,
                2644687,
                2664527,
                2670257,
                2675274,
                2682963,
                2687113,
                2688919,
                2694246,
                2711618,
                2730653,
                2738840,
                2740633,
                2744083,
                2745868,
                2747557,
                2753785,
                2759487,
                2773360,
                2778844,
                2791556,
                2797023,
                2798517,
                2806861,
                2820903,
                2825335,
                2829546,
                2834071,
                2843061,
                2852708,
                2859004,
                2866594,
                2881458,
                2887760,
                2899430,
                2907399,
                2925052,
                2927810,
                2948575,
                2967921,
                2993156,
                3006925,
                3010869,
                3021617,
                3024329,
                3029023,
                3034380,
                3041668,
                3043639,
                3049656,
                3051464,
                3063542,
                3075814,
                3078900,
                3081304,
                3090165,
                3094424,
                3095913,
                3111641,
                3114780,
                3116607,
                3138275,
                3140631,
                3144817,
                3147779,
                3151390,
                3163084,
                3169497,
                3180673,
                3186006,
                3200574,
                3206401,
                3208599,
                3211711,
                3214445,
                3221948,
                3225416,
                3230210,
                3248936,
                3254292,
                3258675,
                3277646,
                3279994,
                3292411,
                3298756,
                3300537,
                3314056,
                3320378,
                3322343,
                3327509,
                3338590,
                3342136,
                3359199,
                3365972,
                3375215,
                3380779,
                3387906,
                3406090,
                3412196,
                3421893,
                3424006,
                3430440,
                3448599,
                3454530,
                3467627,
                3471873,
                3476448,
                3488221,
                3499840,
                3501724,
                3511300,
                3519106,
                3520517,
                3533630,
                3542946,
                3550109,
                3552232,
                3556650,
                3564529,
                3597283,
                3603417,
                3607357,
                3613714,
                3616806,
                3627216,
                3628768,
                3635575,
                3637201,
                3648001,
                3657643,
                3662211,
                3669798,
                3679006,
                3680650,
                3690254,
                3697024,
                3699421,
                3708326,
                3716241,
                3729397,
                3734196,
                3736153,
                3746741,
                3762813
              }
            }
          }
        }
      }
    }
  }
}
                Warning:
Problem:        General parsing error
Line:           0
FeatureName:    No chromosome name found in RESTRICTION_MAP - ID 'Acinetobacter baumannii (NIH_B)' was used


