Seq-submit ::= {
  sub {
    contact {
      contact {
        name name {
          last "Thomas",
          first "Pam"
        },
        affil std {
          affil "NIH",
          div "NIH Intramural Sequencing Center",
          city "Rockville",
          sub "MD",
          country "USA",
          street "5625 Fishers Lane",
          email "pjthomas@mail.nih.gov",
          fax "",
          phone "404-370-0734",
          postal-code "20852"
        }
      }
    },
    cit {
      authors {
        names std {
          {
            name name {
              last "Segre",
              first "Julie",
              initials "J.",
              suffix ""
            }
          },
          {
            name name {
              last "Mullican",
              first "Jim",
              initials "J.",
              suffix ""
            }
          }
        },
        affil std {
          affil "NIH",
          div "NIH Intramural Sequencing Center",
          city "Rockville",
          sub "MD",
          country "USA",
          street "5625 Fishers Lane",
          postal-code "20852"
        }
      },
      date std {
        year 2014,
        month 11,
        day 18
      }
    },
    subtype new,
    tool "table2asn 1.0.0"
  },
  data entrys {
    seq {
      id {
        local str "optical_map_chr_Acinetobacter baumannii (aaklq_C1)"
      },
      descr {
        source {
          genome chromosome,
          org {
          }
        },
        molinfo {
          biomol genomic,
          completeness complete
        },
        pub {
          pub {
            article {
              title {
                name "Genome-wide recombination drives diversification of
 epidemic strains of Acinetobacter baumannii."
              },
              authors {
                names std {
                  {
                    name name {
                      last "Snitkin",
                      first "E",
                      initials "E.S."
                    }
                  },
                  {
                    name name {
                      last "Zelazny",
                      first "A",
                      initials "A.M."
                    }
                  },
                  {
                    name name {
                      last "Montero",
                      first "C",
                      initials "C.I."
                    }
                  },
                  {
                    name name {
                      last "Stock",
                      first "F",
                      initials "F."
                    }
                  },
                  {
                    name name {
                      last "Mijares",
                      first "L",
                      initials "L."
                    }
                  },
                  {
                    name name {
                      last "Murray",
                      first "P",
                      initials "P.R."
                    }
                  },
                  {
                    name name {
                      last "Segre",
                      first "J",
                      initials "J.A."
                    }
                  },
                  {
                    name consortium "NISC Comparative Sequence Program"
                  }
                },
                affil str "Epithelial Biology Section, Genetics and Molecular
 Biology Branch, National Human Genome Research Institute, Bethesda, MD 20892,
 USA."
              },
              from journal {
                title {
                  iso-jta "Proc. Natl. Acad. Sci. U.S.A."
                },
                imp {
                  date std {
                    year 2011,
                    month 8,
                    day 16
                  },
                  volume "108",
                  issue "33",
                  pages "13758-13763",
                  pubstatus ppublish
                }
              },
              ids {
                doi "10.1073/pnas.1104404108",
                pubmed 21825119
              }
            },
            pmid 21825119
          }
        },
        user {
          type str "FileTrack",
          data {
            {
              label str "Map-FileTrackURL",
              num 1,
              data str "http://www.google.com"
            }
          }
        }
      },
      inst {
        repr map,
        mol dna,
        length 3942632,
        topology circular,
        strand ds,
        ext map {
          {
            data rsite str "NcoI",
            location packed-pnt {
              id local str "optical_map_chr_Acinetobacter baumannii (aaklq_C1)",
              points {
                5681,
                8123,
                15156,
                17557,
                38539,
                127964,
                131946,
                142315,
                149417,
                158692,
                161939,
                167169,
                170876,
                176090,
                181136,
                199294,
                206690,
                225096,
                227121,
                230344,
                239527,
                251987,
                264466,
                276143,
                278881,
                283301,
                290865,
                300243,
                302306,
                319227,
                321154,
                326155,
                327525,
                331342,
                337731,
                361616,
                364119,
                368878,
                370615,
                399163,
                405804,
                407596,
                429261,
                449294,
                451745,
                496162,
                503970,
                537787,
                547101,
                552271,
                566423,
                568854,
                586852,
                589755,
                607628,
                618615,
                633160,
                643558,
                646532,
                656426,
                668829,
                671451,
                685852,
                690903,
                695494,
                698543,
                703213,
                704826,
                710747,
                716487,
                718675,
                731385,
                739598,
                751181,
                765802,
                785397,
                789666,
                807756,
                809754,
                819121,
                825304,
                827127,
                835342,
                850340,
                857852,
                866954,
                872056,
                878856,
                880906,
                897571,
                901378,
                903422,
                907801,
                911482,
                915473,
                925533,
                930107,
                941858,
                944647,
                948934,
                954845,
                973488,
                975996,
                1000593,
                1008559,
                1023310,
                1026153,
                1040083,
                1052477,
                1072080,
                1112453,
                1118961,
                1123050,
                1127243,
                1139585,
                1147832,
                1166663,
                1174268,
                1184834,
                1200056,
                1209446,
                1219384,
                1228889,
                1232805,
                1235832,
                1243234,
                1250082,
                1259744,
                1261846,
                1270551,
                1284813,
                1288620,
                1296943,
                1302376,
                1323181,
                1359725,
                1361490,
                1373993,
                1383575,
                1385018,
                1392978,
                1399134,
                1420261,
                1425721,
                1440333,
                1446075,
                1452217,
                1455343,
                1457613,
                1479133,
                1484303,
                1505411,
                1510488,
                1516800,
                1521340,
                1523792,
                1527044,
                1531652,
                1551932,
                1555096,
                1562084,
                1564465,
                1567682,
                1569912,
                1587355,
                1591114,
                1595290,
                1598875,
                1605754,
                1609669,
                1619644,
                1633570,
                1642719,
                1646450,
                1649702,
                1653803,
                1661530,
                1665544,
                1668949,
                1685763,
                1690883,
                1701570,
                1711794,
                1718282,
                1727003,
                1736378,
                1747001,
                1750938,
                1754435,
                1770345,
                1775577,
                1783055,
                1794215,
                1796559,
                1801452,
                1811350,
                1822128,
                1828897,
                1842356,
                1849261,
                1855127,
                1857998,
                1868813,
                1871231,
                1876093,
                1882714,
                1903148,
                1916504,
                1931638,
                1942097,
                1944322,
                1946601,
                1950871,
                1964114,
                2003219,
                2011263,
                2013446,
                2046881,
                2054724,
                2065281,
                2067460,
                2072030,
                2084490,
                2089418,
                2097172,
                2102187,
                2112125,
                2114735,
                2129285,
                2133133,
                2136587,
                2139561,
                2142691,
                2171256,
                2179131,
                2181091,
                2183877,
                2195368,
                2197282,
                2202566,
                2206603,
                2211463,
                2223472,
                2237290,
                2249058,
                2252154,
                2261611,
                2264942,
                2270141,
                2277536,
                2284239,
                2286778,
                2293092,
                2297452,
                2323186,
                2325022,
                2332842,
                2351748,
                2378046,
                2385881,
                2389428,
                2398964,
                2404015,
                2434009,
                2437061,
                2446716,
                2453125,
                2464699,
                2468771,
                2470564,
                2478566,
                2501325,
                2505385,
                2508931,
                2523137,
                2527850,
                2533051,
                2535945,
                2539137,
                2544047,
                2549016,
                2579816,
                2585754,
                2593110,
                2595657,
                2620151,
                2623032,
                2636078,
                2647090,
                2658192,
                2660717,
                2662854,
                2666039,
                2683268,
                2691845,
                2707450,
                2726923,
                2734930,
                2742479,
                2763663,
                2769687,
                2772859,
                2775903,
                2783640,
                2787767,
                2789750,
                2795218,
                2821446,
                2823596,
                2834601,
                2836302,
                2842373,
                2849849,
                2860998,
                2869166,
                2888474,
                2896862,
                2898962,
                2902723,
                2904988,
                2911439,
                2917181,
                2931247,
                2936694,
                2949707,
                2955227,
                2956907,
                2965505,
                2979820,
                2984319,
                2988544,
                2993412,
                3002258,
                3011978,
                3018051,
                3025315,
                3040928,
                3047481,
                3058538,
                3066567,
                3084513,
                3087354,
                3104893,
                3109717,
                3130246,
                3164653,
                3178609,
                3182418,
                3193097,
                3195920,
                3200873,
                3206305,
                3213387,
                3215403,
                3221323,
                3223148,
                3234384,
                3246667,
                3249661,
                3252234,
                3261265,
                3266269,
                3282699,
                3285749,
                3287908,
                3309958,
                3312474,
                3316502,
                3320603,
                3334310,
                3340881,
                3351656,
                3353250,
                3357916,
                3372226,
                3378155,
                3380321,
                3385319,
                3388002,
                3395562,
                3399271,
                3418024,
                3423506,
                3428996,
                3447478,
                3450038,
                3456768,
                3462560,
                3468700,
                3470909,
                3484819,
                3490918,
                3492919,
                3498359,
                3509843,
                3513345,
                3530576,
                3537449,
                3546606,
                3558139,
                3560501,
                3579041,
                3585212,
                3595551,
                3620115,
                3626156,
                3639489,
                3642988,
                3647510,
                3659420,
                3671017,
                3672915,
                3682481,
                3690750,
                3704399,
                3708655,
                3716300,
                3723680,
                3725718,
                3730099,
                3738219,
                3770290,
                3776600,
                3780483,
                3786913,
                3789987,
                3800583,
                3802440,
                3809687,
                3812220,
                3825112,
                3838343,
                3841252,
                3849193,
                3859731,
                3869920,
                3876549,
                3879113,
                3888036,
                3896163,
                3908443,
                3913452,
                3925982,
                3942631
              }
            }
          }
        }
      }
    }
  }
}
                Warning:
Problem:        General parsing error
Line:           0
FeatureName:    No chromosome name found in RESTRICTION_MAP - ID 'Acinetobacter baumannii (aaklq_C1)' was used


