Seq-submit ::= {
  sub {
    contact {
      contact {
        name name {
          last "Thomas",
          first "Pam"
        },
        affil std {
          affil "NIH",
          div "NIH Intramural Sequencing Center",
          city "Rockville",
          sub "MD",
          country "USA",
          street "5625 Fishers Lane",
          email "pjthomas@mail.nih.gov",
          fax "",
          phone "404-370-0734",
          postal-code "20852"
        }
      }
    },
    cit {
      authors {
        names std {
          {
            name name {
              last "Segre",
              first "Julie",
              initials "J.",
              suffix ""
            }
          },
          {
            name name {
              last "Mullican",
              first "Jim",
              initials "J.",
              suffix ""
            }
          }
        },
        affil std {
          affil "NIH",
          div "NIH Intramural Sequencing Center",
          city "Rockville",
          sub "MD",
          country "USA",
          street "5625 Fishers Lane",
          postal-code "20852"
        }
      },
      date std {
        year 2014,
        month 2,
        day 1
      }
    },
    subtype new,
    tool "table2asn 1.0.0"
  },
  data entrys {
    seq {
      id {
        local str "optical_map_chr_Acinetobacter baumannii (NIH_A)"
      },
      descr {
        source {
          genome chromosome,
          org {
          }
        },
        molinfo {
          biomol genomic,
          completeness complete
        },
        pub {
          pub {
            pmid 21825119,
            article {
              title {
                name "Genome-wide recombination drives diversification of
 epidemic strains of Acinetobacter baumannii."
              },
              authors {
                names std {
                  {
                    name name {
                      last "Snitkin",
                      first "E",
                      initials "E.S."
                    }
                  },
                  {
                    name name {
                      last "Zelazny",
                      first "A",
                      initials "A.M."
                    }
                  },
                  {
                    name name {
                      last "Montero",
                      first "C",
                      initials "C.I."
                    }
                  },
                  {
                    name name {
                      last "Stock",
                      first "F",
                      initials "F."
                    }
                  },
                  {
                    name name {
                      last "Mijares",
                      first "L",
                      initials "L."
                    }
                  },
                  {
                    name name {
                      last "Murray",
                      first "P",
                      initials "P.R."
                    }
                  },
                  {
                    name name {
                      last "Segre",
                      first "J",
                      initials "J.A."
                    }
                  },
                  {
                    name consortium "NISC Comparative Sequence Program"
                  }
                },
                affil str "Epithelial Biology Section, Genetics and Molecular
 Biology Branch, National Human Genome Research Institute, Bethesda, MD 20892,
 USA."
              },
              from journal {
                title {
                  iso-jta "Proc. Natl. Acad. Sci. U.S.A."
                },
                imp {
                  date std {
                    year 2014,
                    month 2,
                    day 1
                  },
                  volume "108",
                  issue "33",
                  pages "13758-13763",
                  pubstatus ppublish
                }
              },
              ids {
                doi "10.1073/pnas.1104404108",
                pubmed 21825119
              }
            }
          }
        },
        user {
          type str "FileTrack",
          data {
            {
              label str "Map-FileTrackURL",
              num 1,
              data str "http://www.google.com"
            }
          }
        }
      },
      inst {
        repr map,
        mol dna,
        length 3858166,
        topology circular,
        strand ds,
        ext map {
          {
            data rsite str "NcoI",
            location packed-pnt {
              id local str "optical_map_chr_Acinetobacter baumannii (NIH_A)",
              points {
                5649,
                8174,
                15241,
                18051,
                38141,
                125443,
                129290,
                133928,
                139925,
                146884,
                154004,
                156566,
                164566,
                169025,
                174325,
                178731,
                197039,
                204641,
                222875,
                224907,
                237072,
                249641,
                261803,
                273542,
                276098,
                280174,
                287850,
                297249,
                298957,
                315486,
                317124,
                322842,
                327064,
                333375,
                357492,
                359560,
                364134,
                365893,
                393939,
                400386,
                401838,
                423078,
                442508,
                445034,
                488804,
                496516,
                530636,
                539870,
                544696,
                558650,
                561025,
                579122,
                581526,
                599044,
                609802,
                624214,
                634286,
                636815,
                646793,
                659169,
                661585,
                675959,
                681215,
                686015,
                688659,
                693530,
                700081,
                705698,
                707659,
                720341,
                729862,
                741211,
                755865,
                775379,
                779604,
                797584,
                799301,
                808620,
                814821,
                816523,
                824670,
                839403,
                846671,
                855624,
                860745,
                867542,
                869254,
                886279,
                889844,
                891660,
                895484,
                899203,
                903062,
                912820,
                917027,
                928671,
                931357,
                935903,
                941779,
                984482,
                986531,
                990298,
                994853,
                1009121,
                1011305,
                1025125,
                1037567,
                1056783,
                1095468,
                1101711,
                1105665,
                1109907,
                1121764,
                1129903,
                1147265,
                1155085,
                1165395,
                1172726,
                1178450,
                1182128,
                1185333,
                1202013,
                1211553,
                1221069,
                1230344,
                1237367,
                1244139,
                1250870,
                1260454,
                1262094,
                1270313,
                1284931,
                1288759,
                1296969,
                1302276,
                1322739,
                1358435,
                1360247,
                1372224,
                1381908,
                1390346,
                1396529,
                1418040,
                1423352,
                1437705,
                1443878,
                1449722,
                1452671,
                1455005,
                1476663,
                1482085,
                1503130,
                1508123,
                1514412,
                1519899,
                1521880,
                1528950,
                1549387,
                1552477,
                1559245,
                1561915,
                1565950,
                1567765,
                1584877,
                1589144,
                1592756,
                1594181,
                1604056,
                1607813,
                1618182,
                1631906,
                1633346,
                1641444,
                1645259,
                1648316,
                1651971,
                1659831,
                1663934,
                1667064,
                1683689,
                1688438,
                1701076,
                1710284,
                1716483,
                1725144,
                1734532,
                1744935,
                1748598,
                1752152,
                1767949,
                1772828,
                1779987,
                1791803,
                1794006,
                1798983,
                1808993,
                1835327,
                1842518,
                1848655,
                1851155,
                1861834,
                1863874,
                1868867,
                1875632,
                1895803,
                1909383,
                1925610,
                1936048,
                1938094,
                1940585,
                1944731,
                1994629,
                2000358,
                2004135,
                2038162,
                2045858,
                2056070,
                2057926,
                2062711,
                2074892,
                2076611,
                2080494,
                2088348,
                2093072,
                2103636,
                2105913,
                2120196,
                2123683,
                2130187,
                2132878,
                2134546,
                2162756,
                2170988,
                2174962,
                2186564,
                2193371,
                2197249,
                2211540,
                2225245,
                2237018,
                2239730,
                2249118,
                2252348,
                2257152,
                2264755,
                2271548,
                2274232,
                2279714,
                2283891,
                2309430,
                2311281,
                2319061,
                2337578,
                2338955,
                2364705,
                2372398,
                2375683,
                2385271,
                2390350,
                2420151,
                2423036,
                2432823,
                2439016,
                2450640,
                2455025,
                2456868,
                2464430,
                2487027,
                2491351,
                2494757,
                2512601,
                2518014,
                2520631,
                2523637,
                2529163,
                2533688,
                2564620,
                2570864,
                2578625,
                2580885,
                2605422,
                2608321,
                2621627,
                2632862,
                2643833,
                2648003,
                2681721,
                2703063,
                2717191,
                2738780,
                2744833,
                2749903,
                2758056,
                2762134,
                2763923,
                2769587,
                2787292,
                2806962,
                2815739,
                2821060,
                2823078,
                2829643,
                2835123,
                2849698,
                2855131,
                2869462,
                2875046,
                2876596,
                2885529,
                2899913,
                2904249,
                2908693,
                2913366,
                2922381,
                2932358,
                2938649,
                2946121,
                2961468,
                2968110,
                2979382,
                2987795,
                3005866,
                3008431,
                3029953,
                3049799,
                3081713,
                3095911,
                3099941,
                3110556,
                3113209,
                3117957,
                3123673,
                3131645,
                3139261,
                3140960,
                3152277,
                3164892,
                3167765,
                3170078,
                3179019,
                3183876,
                3185219,
                3201352,
                3204512,
                3206113,
                3227705,
                3229809,
                3231535,
                3235639,
                3238159,
                3241961,
                3253742,
                3260546,
                3271890,
                3277482,
                3296653,
                3298820,
                3302759,
                3305281,
                3312887,
                3316605,
                3335709,
                3341261,
                3346862,
                3365555,
                3367727,
                3374463,
                3380414,
                3386737,
                3388563,
                3402284,
                3408363,
                3410044,
                3415570,
                3430241,
                3447912,
                3454667,
                3463978,
                3475691,
                3477936,
                3496621,
                3502769,
                3512569,
                3514612,
                3538456,
                3544509,
                3558051,
                3561339,
                3565648,
                3577764,
                3589312,
                3591215,
                3601175,
                3609544,
                3622984,
                3627341,
                3634995,
                3643672,
                3648555,
                3656636,
                3688746,
                3694948,
                3698766,
                3705054,
                3708092,
                3719155,
                3727360,
                3729966,
                3742588,
                3755707,
                3758318,
                3766084,
                3775893,
                3777435,
                3787107,
                3793713,
                3796024,
                3804840,
                3812805,
                3824875,
                3829612,
                3842236,
                3858165
              }
            }
          }
        }
      }
    }
  }
}
                Warning:
Problem:        General parsing error
Line:           0
FeatureName:    No chromosome name found in RESTRICTION_MAP - ID 'Acinetobacter baumannii (NIH_A)' was used


