Seq-submit ::= {
  sub {
    contact {
      contact {
        name name {
          last "Thomas",
          first "Pam"
        },
        affil std {
          affil "NIH",
          div "NIH Intramural Sequencing Center",
          city "Rockville",
          sub "MD",
          country "USA",
          street "5625 Fishers Lane",
          email "pjthomas@mail.nih.gov",
          fax "",
          phone "404-370-0734",
          postal-code "20852"
        }
      }
    },
    cit {
      authors {
        names std {
          {
            name name {
              last "Segre",
              first "Julie",
              initials "J.",
              suffix ""
            }
          },
          {
            name name {
              last "Mullican",
              first "Jim",
              initials "J.",
              suffix ""
            }
          }
        },
        affil std {
          affil "NIH",
          div "NIH Intramural Sequencing Center",
          city "Rockville",
          sub "MD",
          country "USA",
          street "5625 Fishers Lane",
          postal-code "20852"
        }
      },
      date std {
        year 2014,
        month 2,
        day 1
      }
    },
    subtype new,
    tool "table2asn 1.0.0"
  },
  data entrys {
    seq {
      id {
        local str "optical_map_chr_Staphylococcus epidermidis (LM134)"
      },
      descr {
        source {
          genome chromosome,
          org {
          }
        },
        molinfo {
          biomol genomic,
          completeness complete
        },
        pub {
          pub {
            pmid 21825119,
            article {
              title {
                name "Genome-wide recombination drives diversification of
 epidemic strains of Acinetobacter baumannii."
              },
              authors {
                names std {
                  {
                    name name {
                      last "Snitkin",
                      first "E",
                      initials "E.S."
                    }
                  },
                  {
                    name name {
                      last "Zelazny",
                      first "A",
                      initials "A.M."
                    }
                  },
                  {
                    name name {
                      last "Montero",
                      first "C",
                      initials "C.I."
                    }
                  },
                  {
                    name name {
                      last "Stock",
                      first "F",
                      initials "F."
                    }
                  },
                  {
                    name name {
                      last "Mijares",
                      first "L",
                      initials "L."
                    }
                  },
                  {
                    name name {
                      last "Murray",
                      first "P",
                      initials "P.R."
                    }
                  },
                  {
                    name name {
                      last "Segre",
                      first "J",
                      initials "J.A."
                    }
                  },
                  {
                    name consortium "NISC Comparative Sequence Program"
                  }
                },
                affil str "Epithelial Biology Section, Genetics and Molecular
 Biology Branch, National Human Genome Research Institute, Bethesda, MD 20892,
 USA."
              },
              from journal {
                title {
                  iso-jta "Proc. Natl. Acad. Sci. U.S.A."
                },
                imp {
                  date std {
                    year 2014,
                    month 2,
                    day 1
                  },
                  volume "108",
                  issue "33",
                  pages "13758-13763",
                  pubstatus ppublish
                }
              },
              ids {
                doi "10.1073/pnas.1104404108",
                pubmed 21825119
              }
            }
          }
        },
        user {
          type str "FileTrack",
          data {
            {
              label str "Map-FileTrackURL",
              num 1,
              data str "http://www.google.com"
            }
          }
        }
      },
      inst {
        repr map,
        mol dna,
        length 2449343,
        topology circular,
        strand ds,
        ext map {
          {
            data rsite str "AflII",
            location packed-pnt {
              id local str "optical_map_chr_Staphylococcus epidermidis (LM134)",
              points {
                8053,
                20254,
                33990,
                37764,
                49165,
                57781,
                59714,
                69297,
                72499,
                75586,
                77465,
                79723,
                85495,
                99079,
                101329,
                104151,
                108607,
                131377,
                136171,
                139511,
                143507,
                152243,
                156350,
                158313,
                167117,
                169235,
                179512,
                183096,
                189931,
                192051,
                202804,
                205687,
                209828,
                235310,
                238300,
                248879,
                252224,
                264285,
                267346,
                276782,
                288642,
                293429,
                300184,
                305943,
                310565,
                313259,
                319853,
                323488,
                328740,
                335007,
                338499,
                343326,
                345838,
                351715,
                359908,
                362083,
                366105,
                369488,
                377659,
                381159,
                384499,
                403400,
                409285,
                416696,
                420473,
                427498,
                430076,
                432733,
                436304,
                440834,
                443849,
                446889,
                450609,
                453419,
                460813,
                466181,
                484208,
                488871,
                491477,
                495376,
                510678,
                545005,
                551823,
                602687,
                609511,
                631514,
                642222,
                655480,
                674329,
                679352,
                685178,
                691802,
                695094,
                702216,
                712887,
                716188,
                739145,
                746466,
                753122,
                755159,
                761740,
                771659,
                775532,
                795377,
                800377,
                806056,
                808313,
                815490,
                823910,
                841759,
                856412,
                867974,
                869953,
                892881,
                920773,
                924945,
                931329,
                934603,
                937905,
                943683,
                946925,
                950591,
                963124,
                967774,
                979331,
                988288,
                1007431,
                1010446,
                1013030,
                1038115,
                1042275,
                1048146,
                1054160,
                1058617,
                1071910,
                1080514,
                1083373,
                1086857,
                1094498,
                1097171,
                1107495,
                1116958,
                1119453,
                1123857,
                1128506,
                1131254,
                1140154,
                1145177,
                1148708,
                1168031,
                1172813,
                1182480,
                1188349,
                1193649,
                1199663,
                1207188,
                1223078,
                1230056,
                1232354,
                1235296,
                1238706,
                1243168,
                1245706,
                1253294,
                1264284,
                1268285,
                1271253,
                1283668,
                1288684,
                1296567,
                1313252,
                1318081,
                1334739,
                1340920,
                1347185,
                1350135,
                1352914,
                1368984,
                1373587,
                1387332,
                1389827,
                1400723,
                1413042,
                1419499,
                1422681,
                1424676,
                1428403,
                1431035,
                1433727,
                1440696,
                1450492,
                1453807,
                1458407,
                1460585,
                1469738,
                1482966,
                1492542,
                1518287,
                1527244,
                1529757,
                1537357,
                1548014,
                1550183,
                1556100,
                1560207,
                1578943,
                1582122,
                1585410,
                1599478,
                1602334,
                1609550,
                1620452,
                1626935,
                1641749,
                1648072,
                1650316,
                1665048,
                1674729,
                1688491,
                1695345,
                1718890,
                1733428,
                1747878,
                1754729,
                1761068,
                1768654,
                1784800,
                1795711,
                1799317,
                1801776,
                1809058,
                1815662,
                1829716,
                1832683,
                1848310,
                1851184,
                1856482,
                1860459,
                1863400,
                1876306,
                1878790,
                1888506,
                1892227,
                1894722,
                1898921,
                1912947,
                1916366,
                1919250,
                1921532,
                1942643,
                1947217,
                1954279,
                1987473,
                1998221,
                2010729,
                2018639,
                2024463,
                2027576,
                2046383,
                2054134,
                2057394,
                2063936,
                2088898,
                2097394,
                2102568,
                2104917,
                2119039,
                2121213,
                2125484,
                2128118,
                2136693,
                2138994,
                2148801,
                2152493,
                2157352,
                2164175,
                2171140,
                2174198,
                2177493,
                2196621,
                2200897,
                2208106,
                2212005,
                2214466,
                2228948,
                2239161,
                2242673,
                2244894,
                2248747,
                2275690,
                2278118,
                2287602,
                2296318,
                2299097,
                2301371,
                2330682,
                2337687,
                2341058,
                2344725,
                2355182,
                2372235,
                2375983,
                2381843,
                2384959,
                2387261,
                2389461,
                2392935,
                2396038,
                2397925,
                2410518,
                2413141,
                2420133,
                2423815,
                2425895,
                2431684,
                2436774,
                2446535,
                2449342
              }
            }
          }
        }
      }
    }
  }
}
                Warning:
Problem:        General parsing error
Line:           0
FeatureName:    No chromosome name found in RESTRICTION_MAP - ID 'Staphylococcus epidermidis (LM134)' was used


