Seq-entry ::= set {
  class genbank,
  seq-set {
    seq {
      id {
        local str "Sequence_1",
        general {
          db "BankIt",
          tag str "SUB176067_Sequence_1"
        }
      },
      descr {
        source {
          org {
            taxname "uncultured bacterium"
          }
        },
        molinfo {
          biomol genomic
        },
        create-date std {
          year 2014,
          month 2,
          day 1
        }
      },
      inst {
        repr raw,
        mol dna,
        length 1510,
        seq-data ncbi2na 'F22FE35E9D28C067268A97044E42D8AA4D2000CC230BF1F3BFFE
FE905A6C6AE2C3131B07F5F39E0A32562807E8F0C7D30C53FFCF080FEBC0BCF3A4C2329BFB58F2
F2FA82B0E9F14210E36B2AA5E22A6C5544FAC788468501F71A0A492E2833EB43A2907781494759
BB2820A43F2BEC071FFB3383000F73FF2003E0AC331830B36941DEE524966B0048A3109BCD68FC
FABF02AE6CAFBFFC2D2CB80DF027C1FC02E73E31E301C8B8AFA2C1E83BBAE89AE0393223444811
4364024AF1C05C878478A46024EAC90128F2315EB2D4E5B018E347073E8830F4BAD0980B8C2E35
178A2C61642BE01D0283E1AA95910DAE893BAFC3D8E3198A05F1401F03B3C60C0FA010FCB4F21A
2C42B9E4EBEDB49DB96E2BB8AF0B5F01899057CF3CBC5342C3BEA8770C21E5A6C2588A0A6A861B
40D34695F3BFEA5111B9C43ADAC4029241EAE148240DFC096370BDA3E8B790761DCE09E83672C3
6E4D253A66B833B15A97EC44595B4253A0BE82C5C036B85FCC82807970AC2D83072A70B6C10AC1
50'H
      }
    },
    seq {
      id {
        local str "Sequence_2",
        general {
          db "BankIt",
          tag str "SUB176067_Sequence_2"
        }
      },
      descr {
        source {
          org {
            taxname "uncultured bacterium"
          }
        },
        molinfo {
          biomol genomic
        },
        create-date std {
          year 2014,
          month 2,
          day 1
        }
      },
      inst {
        repr raw,
        mol dna,
        length 1487,
        seq-data ncbi2na '8BF8D3A74A1819E9A6E7C11390B60680A5DE7E48AC762E981AB8
B046EAE3797E47DA8C25EA01EADC3168CA14E7F2EEEEBA02FFDAE6238959A5CD27EFAEAB0E9714
29861AB25A5E22AEC6944FA8788469521D71A8A492EA833E443A990978E498659BAA8E0A5F6AFB
01D7F672A0825FFAB86B17A308245A7071B949259AC31B2AE626FB5A0F1EA6C089DB2BAFED9B6D
EE0356A9F07DA9B9298C6A4C1C8B9ECAA21E83D7AEC9AE03992334A281163A60A4ADDEA4BC7867
8A26024EAC98128F2315EB2D4E5B01AEA672BBAABFCFC63D5B96C9C193C265597AA2C696429C01
D0283E1AAA5644269A24EE8F0F6390660817C5EA7E131168D9E488ECBF57FBA7AEC4AEB93AFB6D
276EDB88EFABC2D590626415FB7EEF9491BCEBAA1D9888796ABC1DA282BAA386D034D3957CED4A
9F444E710EB6B12EAF98C5B8AE89C357C096B74BDA3E8B790761D4E0B68B672C3648D2439E6B83
1BD5A97EC44595B46D380BEB0456094BA5407EF2A27B60AEA3E98FA860B6C10AC950'H
      }
    },
    seq {
      id {
        local str "Sequence_3",
        general {
          db "BankIt",
          tag str "SUB176067_Sequence_3"
        }
      },
      descr {
        source {
          org {
            taxname "uncultured bacterium"
          }
        },
        molinfo {
          biomol genomic
        },
        create-date std {
          year 2014,
          month 2,
          day 1
        }
      },
      inst {
        repr raw,
        mol dna,
        length 1499,
        seq-data ncbi2na '22FE34E9D23E067A69297044E42D89A38BA27E7538F49A686AE2
C397283797ACBAA841BF602819C3164C6D71A880BAA8DF685D19CD238972B68F272FAE2B029D14
298635B07ADE228E34B447A078846B521D71A8A492EA833E843A980978D494E59BBB820ADF68FB
0247F0BEA282A4B0BC317E7BFE1BC5048309169C1F6E524966B0C60AB909BC3683C7A9B02666CA
EBDBC2FA3B80956A7417A81E4D401E989C8B3A48ABAE83F5EEC9AE039B2332828114BA60A6145E
A70C78478AE6026EA890128F2315EB2D465B018ED8725BEA35F88DF2E9927064F0B6165EA8B1A5
90AF00740E0F86AA564426BA24EEBF0F6090660817C5297E1392207F5223A3EB97DA89DE112B9E
4E9EDB49DBB6E23BEAF0B56C1899057ED7CBC5246F0AEA4770A21E5AE10168A0AEA8E1B42D34E9
5F1A5EA7111B9C43ADAC40ABE509662BA270D530058DB2D68D92DE41D879B82DA0D9CB0DB83483
B46B831BD5A97EC44595B4453A8BABE7520B272DC17DA8A1AF1468B8F4E1EAB82DB042B054'H
      }
    },
    seq {
      id {
        local str "Sequence_4",
        general {
          db "BankIt",
          tag str "SUB176067_Sequence_4"
        }
      },
      descr {
        source {
          org {
            taxname "uncultured bacterium"
          }
        },
        molinfo {
          biomol genomic
        },
        create-date std {
          year 2014,
          month 2,
          day 1
        }
      },
      inst {
        repr raw,
        mol dna,
        length 1444,
        seq-data ncbi2na 'F22FE34E9D2AE067A6B397084E42D91A1EFDA4BCBA686AE2C11B
2B85C5502DEA1072880DF270D7A3B81749EE9E3BF027DA67FA8EA5E69934ACBEBAAC1A54509618
66C9EB788A1852512AB1E211A15475C6A2924BCA0DF590EA6025E1A263167E0A18257DAAEC07DE
076A18C386B162B0C9169C1D6E524966B0C68AB989BC568FC7ABB02A6ECA6B7742D639C0858274
1F6AAEEFA31EE29C86B688AB2683F5A2C9AE039923168281943260249C5E863FB8678A66026EA8
90168F2315AB2D4657018E2E7ABB584DEFAB96C9C19BC247517A82C6B6421E01D0283E1AA95910
9AE893BAFC3D824199205F14ADF84D46815EB8096AAE5642A25B884AE793ADB6D276EDB88EFABC
2D590626415FBE72F94D2F69EA4772621E5C602CA2829AA386DE3593A57C617A98446E710E5E51
02679856906A094364C024A74BDA3EAB79076154E09E83672C3668D253966B831BD5A97EC44595
B4253A8BABFE5E0B65A8964A4A65CAB0A74E1EA9C2DB04'H
      }
    },
    seq {
      id {
        local str "Sequence_5",
        general {
          db "BankIt",
          tag str "SUB176067_Sequence_5"
        }
      },
      descr {
        source {
          org {
            taxname "uncultured bacterium"
          }
        },
        molinfo {
          biomol genomic
        },
        create-date std {
          year 2014,
          month 2,
          day 1
        }
      },
      inst {
        repr raw,
        mol dna,
        length 1484,
        seq-data ncbi2na '8BF8D3A74A1819E9A6E7C11390B606382549F9EAE8F2E981AB8B
046EAE3795E477A8C25EA01EADC3168CE176A393BDEABA02FFDAE4A38959A5CD27EFAEAB0E9714
29861AB25A5E22A6169447A8788469521D71A8A492EA833E443A990978E498659B8A8E1A5F6AFB
0177F454E182642E1ACBA8820916941C6E524966B0C6CAB989BED683C7A9B02276CA6BFB66DB7B
80D592741E6A7E4A631A921D8B1E4AA21E83D7AEC9AE03992334A28116BA60A6ADDEA4B078678A
26026EAC98128F2315EB2D465B01AEA672BBABF5F51A8D6E5B25064F099565EA8B1A590A700740
A0F86AA5644269A24EE8F0F6390660817C5EAFE13B16861E488EEBF57EE96B212BAE4E9EDB49DB
B6E23BEAF0B5641899057ED7BBE5246E3AEA8764A21E5AAD0768A0AEA861B42D34E55F3B52A7D1
139C43ADAC48A9E6316E2BA260D5F025ADD2F68DAADE41D855B82DA2D9CB0D923490679AE0C6F5
6A5FB111656D1B4E02DAC115825AE97055FBA8A896D82BA8DA63EA182DB042B054'H
      }
    },
    seq {
      id {
        local str "Sequence_6",
        general {
          db "BankIt",
          tag str "SUB176067_Sequence_6"
        }
      },
      descr {
        source {
          org {
            taxname "uncultured bacterium"
          }
        },
        molinfo {
          biomol genomic
        },
        create-date std {
          year 2014,
          month 2,
          day 1
        }
      },
      inst {
        repr raw,
        mol dna,
        length 1488,
        seq-data ncbi2na 'F22FE34E9D23E067A69397C44E42D81AC12BC27862E981AB8B0E
CDA06E54B6EAA3079D8089270C593185E2AE026AA3642176663E89A58CD23CACBEB8AC0A745096
18DEC9EB788A1852511EA1E211A54875C6A2924BAA0FFA10EA6425E35253966E6A08297DABEC05
9FFB4A8200AF7A70C5EA1D386B17820C245A7071B949259AC31B2AE426F0DA0F1EA6C09B9929AF
390848AE0355A9D05EA0797FB8793A722C6B22AA3A0F59BB24B80E6C8CE68A0458E98290D57A17
B1E19D391809BAA2404A3C8C57ACB5195C063B41EBEFA8ABF7DD2C1B27066E0BE165EA8B1A590A
F80740A0F86A8564426BA38EEBF0F6390660017C5C57E13B7A0D782A3FA8B9D8088978112B9E4E
96DB49DBB6E23BEAF0B5641899057ED3CBE7180A91DC388796B8405A282BAA386D2B4D3A55CEAC
A9C446D310E96A122A7941598AA89C3548056B6CB5A36CB790761E6E0B683672C3668D27E59AE0
C6F56ADFB111656D114EA26AF79482CBC970590AAA63C51A4ABDB87AAE0B6C10AC15'H
      }
    }
  }
}
