                Error:
Problem:        General parsing error
Line:           0
FeatureName:    File sqd-2046.fsa does not exists


